MSBuild version 17.14.40+3e7442088 for .NET Framework
Build started 31-01-2026 18:44:31.

Project "D:\code\lua\gods\build\gods_native.vcxproj" on node 1 (default targets).
Project "D:\code\lua\gods\build\gods_native.vcxproj" (1) is building "D:\code\lua\gods\build\ZERO_CHECK.vcxproj" (2) on node 1 (default targets).
PrepareForBuild:
  Structured output is enabled. The formatting of compiler diagnostics will reflect the error hierarchy. See https://aka.ms/cpp/structured-output for more details.
InitializeBuildStatus:
  Creating "x64\Release\ZERO_CHECK\ZERO_CHECK.tlog\unsuccessfulbuild" because "AlwaysCreate" was specified.
  Touching "x64\Release\ZERO_CHECK\ZERO_CHECK.tlog\unsuccessfulbuild".
CustomBuild:
  All outputs are up-to-date.
FinalizeBuildStatus:
  Deleting file "x64\Release\ZERO_CHECK\ZERO_CHECK.tlog\unsuccessfulbuild".
  Touching "x64\Release\ZERO_CHECK\ZERO_CHECK.tlog\ZERO_CHECK.lastbuildstate".
Done Building Project "D:\code\lua\gods\build\ZERO_CHECK.vcxproj" (default targets).
Project "D:\code\lua\gods\build\gods_native.vcxproj" (1) is building "D:\code\lua\gods\build\_deps\bgfx_cmake-build\cmake\bgfx\bgfx.vcxproj" (3) on node 1 (default targets).
Project "D:\code\lua\gods\build\_deps\bgfx_cmake-build\cmake\bgfx\bgfx.vcxproj" (3) is building "D:\code\lua\gods\build\_deps\bgfx_cmake-build\cmake\bimg\bimg.vcxproj" (4) on node 1 (default targets).
Project "D:\code\lua\gods\build\_deps\bgfx_cmake-build\cmake\bimg\bimg.vcxproj" (4) is building "D:\code\lua\gods\build\_deps\bgfx_cmake-build\cmake\bx\bx.vcxproj" (5) on node 1 (default targets).
PrepareForBuild:
  Structured output is enabled. The formatting of compiler diagnostics will reflect the error hierarchy. See https://aka.ms/cpp/structured-output for more details.
InitializeBuildStatus:
  Creating "bx.dir\Release\bx.tlog\unsuccessfulbuild" because "AlwaysCreate" was specified.
  Touching "bx.dir\Release\bx.tlog\unsuccessfulbuild".
CustomBuild:
  All outputs are up-to-date.
ClCompile:
  All outputs are up-to-date.
Lib:
  All outputs are up-to-date.
  bx.vcxproj -> D:\code\lua\gods\build\lib\Release\bx.lib
FinalizeBuildStatus:
  Deleting file "bx.dir\Release\bx.tlog\unsuccessfulbuild".
  Touching "bx.dir\Release\bx.tlog\bx.lastbuildstate".
Done Building Project "D:\code\lua\gods\build\_deps\bgfx_cmake-build\cmake\bx\bx.vcxproj" (default targets).
PrepareForBuild:
  Structured output is enabled. The formatting of compiler diagnostics will reflect the error hierarchy. See https://aka.ms/cpp/structured-output for more details.
InitializeBuildStatus:
  Creating "bimg.dir\Release\bimg.tlog\unsuccessfulbuild" because "AlwaysCreate" was specified.
  Touching "bimg.dir\Release\bimg.tlog\unsuccessfulbuild".
CustomBuild:
  All outputs are up-to-date.
ClCompile:
  All outputs are up-to-date.
  All outputs are up-to-date.
Lib:
  All outputs are up-to-date.
  bimg.vcxproj -> D:\code\lua\gods\build\lib\Release\bimg.lib
FinalizeBuildStatus:
  Deleting file "bimg.dir\Release\bimg.tlog\unsuccessfulbuild".
  Touching "bimg.dir\Release\bimg.tlog\bimg.lastbuildstate".
Done Building Project "D:\code\lua\gods\build\_deps\bgfx_cmake-build\cmake\bimg\bimg.vcxproj" (default targets).
PrepareForBuild:
  Structured output is enabled. The formatting of compiler diagnostics will reflect the error hierarchy. See https://aka.ms/cpp/structured-output for more details.
InitializeBuildStatus:
  Creating "bgfx.dir\Release\bgfx.tlog\unsuccessfulbuild" because "AlwaysCreate" was specified.
  Touching "bgfx.dir\Release\bgfx.tlog\unsuccessfulbuild".
CustomBuild:
  All outputs are up-to-date.
ClCompile:
  All outputs are up-to-date.
Lib:
  All outputs are up-to-date.
  bgfx.vcxproj -> D:\code\lua\gods\build\lib\Release\bgfx.lib
FinalizeBuildStatus:
  Deleting file "bgfx.dir\Release\bgfx.tlog\unsuccessfulbuild".
  Touching "bgfx.dir\Release\bgfx.tlog\bgfx.lastbuildstate".
Done Building Project "D:\code\lua\gods\build\_deps\bgfx_cmake-build\cmake\bgfx\bgfx.vcxproj" (default targets).
Project "D:\code\lua\gods\build\gods_native.vcxproj" (1) is building "D:\code\lua\gods\build\_deps\glm-build\glm\glm.vcxproj" (6) on node 1 (default targets).
PrepareForBuild:
  Structured output is enabled. The formatting of compiler diagnostics will reflect the error hierarchy. See https://aka.ms/cpp/structured-output for more details.
InitializeBuildStatus:
  Creating "glm.dir\Release\glm.tlog\unsuccessfulbuild" because "AlwaysCreate" was specified.
  Touching "glm.dir\Release\glm.tlog\unsuccessfulbuild".
CustomBuild:
  All outputs are up-to-date.
ClCompile:
  All outputs are up-to-date.
Lib:
  All outputs are up-to-date.
  glm.vcxproj -> D:\code\lua\gods\build\lib\Release\glm.lib
FinalizeBuildStatus:
  Deleting file "glm.dir\Release\glm.tlog\unsuccessfulbuild".
  Touching "glm.dir\Release\glm.tlog\glm.lastbuildstate".
Done Building Project "D:\code\lua\gods\build\_deps\glm-build\glm\glm.vcxproj" (default targets).
Project "D:\code\lua\gods\build\gods_native.vcxproj" (1) is building "D:\code\lua\gods\build\_deps\ozz_animation-build\src\animation\runtime\ozz_animation.vcxproj" (7) on node 1 (default targets).
Project "D:\code\lua\gods\build\_deps\ozz_animation-build\src\animation\runtime\ozz_animation.vcxproj" (7) is building "D:\code\lua\gods\build\_deps\ozz_animation-build\src\base\ozz_base.vcxproj" (8) on node 1 (default targets).
PrepareForBuild:
  Structured output is enabled. The formatting of compiler diagnostics will reflect the error hierarchy. See https://aka.ms/cpp/structured-output for more details.
InitializeBuildStatus:
  Creating "ozz_base.dir\Release\ozz_base.tlog\unsuccessfulbuild" because "AlwaysCreate" was specified.
  Touching "ozz_base.dir\Release\ozz_base.tlog\unsuccessfulbuild".
CustomBuild:
  All outputs are up-to-date.
ClCompile:
  All outputs are up-to-date.
Lib:
  All outputs are up-to-date.
  ozz_base.vcxproj -> D:\code\lua\gods\build\lib\Release\ozz_base_r.lib
FinalizeBuildStatus:
  Deleting file "ozz_base.dir\Release\ozz_base.tlog\unsuccessfulbuild".
  Touching "ozz_base.dir\Release\ozz_base.tlog\ozz_base.lastbuildstate".
Done Building Project "D:\code\lua\gods\build\_deps\ozz_animation-build\src\base\ozz_base.vcxproj" (default targets).
PrepareForBuild:
  Structured output is enabled. The formatting of compiler diagnostics will reflect the error hierarchy. See https://aka.ms/cpp/structured-output for more details.
InitializeBuildStatus:
  Creating "ozz_animation.dir\Release\ozz_animation.tlog\unsuccessfulbuild" because "AlwaysCreate" was specified.
  Touching "ozz_animation.dir\Release\ozz_animation.tlog\unsuccessfulbuild".
CustomBuild:
  All outputs are up-to-date.
ClCompile:
  All outputs are up-to-date.
Lib:
  All outputs are up-to-date.
  ozz_animation.vcxproj -> D:\code\lua\gods\build\lib\Release\ozz_animation_r.lib
FinalizeBuildStatus:
  Deleting file "ozz_animation.dir\Release\ozz_animation.tlog\unsuccessfulbuild".
  Touching "ozz_animation.dir\Release\ozz_animation.tlog\ozz_animation.lastbuildstate".
Done Building Project "D:\code\lua\gods\build\_deps\ozz_animation-build\src\animation\runtime\ozz_animation.vcxproj" (default targets).
Project "D:\code\lua\gods\build\gods_native.vcxproj" (1) is building "D:\code\lua\gods\build\_deps\ozz_animation-build\src\geometry\runtime\ozz_geometry.vcxproj" (9) on node 1 (default targets).
PrepareForBuild:
  Structured output is enabled. The formatting of compiler diagnostics will reflect the error hierarchy. See https://aka.ms/cpp/structured-output for more details.
InitializeBuildStatus:
  Creating "ozz_geometry.dir\Release\ozz_geometry.tlog\unsuccessfulbuild" because "AlwaysCreate" was specified.
  Touching "ozz_geometry.dir\Release\ozz_geometry.tlog\unsuccessfulbuild".
CustomBuild:
  All outputs are up-to-date.
ClCompile:
  All outputs are up-to-date.
Lib:
  All outputs are up-to-date.
  ozz_geometry.vcxproj -> D:\code\lua\gods\build\lib\Release\ozz_geometry_r.lib
FinalizeBuildStatus:
  Deleting file "ozz_geometry.dir\Release\ozz_geometry.tlog\unsuccessfulbuild".
  Touching "ozz_geometry.dir\Release\ozz_geometry.tlog\ozz_geometry.lastbuildstate".
Done Building Project "D:\code\lua\gods\build\_deps\ozz_animation-build\src\geometry\runtime\ozz_geometry.vcxproj" (default targets).
PrepareForBuild:
  Structured output is enabled. The formatting of compiler diagnostics will reflect the error hierarchy. See https://aka.ms/cpp/structured-output for more details.
InitializeBuildStatus:
  Touching "gods_native.dir\Release\gods_native.tlog\unsuccessfulbuild".
CustomBuild:
  All outputs are up-to-date.
ClCompile:
  All outputs are up-to-date.
Link:
  C:\Program Files\Microsoft Visual Studio\2022\Community\VC\Tools\MSVC\14.44.35207\bin\HostX64\x64\link.exe /ERRORREPORT:QUEUE /OUT:"D:\code\lua\gods\build\bin\Release\gods_native.dll" /INCREMENTAL:NO /NOLOGO lib\Release\bgfx.lib lib\Release\bx.lib lib\Release\bimg.lib lib\Release\glm.lib lib\Release\ozz_animation_r.lib lib\Release\ozz_base_r.lib lib\Release\ozz_geometry_r.lib d3d12.lib dxgi.lib d3dcompiler.lib lib\Release\bx.lib psapi.lib lib\Release\ozz_base_r.lib kernel32.lib user32.lib gdi32.lib winspool.lib shell32.lib ole32.lib oleaut32.lib uuid.lib comdlg32.lib advapi32.lib /MANIFEST /MANIFESTUAC:"level='asInvoker' uiAccess='false'" /manifest:embed /PDB:"D:/code/lua/gods/build/bin/Release/gods_native.pdb" /SUBSYSTEM:CONSOLE /TLBID:1 /DYNAMICBASE /NXCOMPAT /IMPLIB:"D:/code/lua/gods/build/lib/Release/gods_native.lib" /MACHINE:X64  /machine:x64 /DLL gods_native.dir\Release\gods_engine.obj
  gods_native.dir\Release\renderer.obj
  gods_native.dir\Release\model_loader.obj
  gods_native.dir\Release\animation_system.obj
ozz_base_r.lib(log.obj) : error LNK2038: mismatch detected for 'RuntimeLibrary': value 'MT_StaticRelease' doesn't match value 'MD_DynamicRelease' in gods_engine.obj [D:\code\lua\gods\build\gods_native.vcxproj]
ozz_base_r.lib(allocator.obj) : error LNK2038: mismatch detected for 'RuntimeLibrary': value 'MT_StaticRelease' doesn't match value 'MD_DynamicRelease' in gods_engine.obj [D:\code\lua\gods\build\gods_native.vcxproj]
msvcprt.lib(MSVCP140.dll) : error LNK2005: "public: virtual __cdecl std::basic_streambuf<char,struct std::char_traits<char> >::~basic_streambuf<char,struct std::char_traits<char> >(void)" (??1?$basic_streambuf@DU?$char_traits@D@std@@@std@@UEAA@XZ) already defined in ozz_base_r.lib(log.obj) [D:\code\lua\gods\build\gods_native.vcxproj]
msvcprt.lib(MSVCP140.dll) : error LNK2005: "protected: virtual __int64 __cdecl std::basic_streambuf<char,struct std::char_traits<char> >::xsgetn(char *,__int64)" (?xsgetn@?$basic_streambuf@DU?$char_traits@D@std@@@std@@MEAA_JPEAD_J@Z) already defined in ozz_base_r.lib(log.obj) [D:\code\lua\gods\build\gods_native.vcxproj]
msvcprt.lib(MSVCP140.dll) : error LNK2005: "protected: virtual __int64 __cdecl std::basic_streambuf<char,struct std::char_traits<char> >::xsputn(char const *,__int64)" (?xsputn@?$basic_streambuf@DU?$char_traits@D@std@@@std@@MEAA_JPEBD_J@Z) already defined in ozz_base_r.lib(log.obj) [D:\code\lua\gods\build\gods_native.vcxproj]
msvcprt.lib(MSVCP140.dll) : error LNK2005: "public: virtual __cdecl std::basic_ios<char,struct std::char_traits<char> >::~basic_ios<char,struct std::char_traits<char> >(void)" (??1?$basic_ios@DU?$char_traits@D@std@@@std@@UEAA@XZ) already defined in ozz_base_r.lib(log.obj) [D:\code\lua\gods\build\gods_native.vcxproj]
msvcprt.lib(MSVCP140.dll) : error LNK2005: "public: virtual __cdecl std::basic_ostream<char,struct std::char_traits<char> >::~basic_ostream<char,struct std::char_traits<char> >(void)" (??1?$basic_ostream@DU?$char_traits@D@std@@@std@@UEAA@XZ) already defined in ozz_base_r.lib(log.obj) [D:\code\lua\gods\build\gods_native.vcxproj]
libcpmt.lib(locale0.obj) : error LNK2038: mismatch detected for 'RuntimeLibrary': value 'MT_StaticRelease' doesn't match value 'MD_DynamicRelease' in gods_engine.obj [D:\code\lua\gods\build\gods_native.vcxproj]
libcpmt.lib(locale0.obj) : error LNK2005: "void __cdecl std::_Facet_Register(class std::_Facet_base *)" (?_Facet_Register@std@@YAXPEAV_Facet_base@1@@Z) already defined in msvcprt.lib(locale0_implib.obj) [D:\code\lua\gods\build\gods_native.vcxproj]
libcpmt.lib(locale0.obj) : error LNK2005: "private: static class std::locale::_Locimp * __cdecl std::locale::_Getgloballocale(void)" (?_Getgloballocale@locale@std@@CAPEAV_Locimp@12@XZ) already defined in msvcprt.lib(MSVCP140.dll) [D:\code\lua\gods\build\gods_native.vcxproj]
libcpmt.lib(locale0.obj) : error LNK2005: "private: static class std::locale::_Locimp * __cdecl std::locale::_Init(bool)" (?_Init@locale@std@@CAPEAV_Locimp@12@_N@Z) already defined in msvcprt.lib(MSVCP140.dll) [D:\code\lua\gods\build\gods_native.vcxproj]
libcpmt.lib(locale0.obj) : error LNK2005: "public: static void __cdecl std::_Locinfo::_Locinfo_ctor(class std::_Locinfo *,char const *)" (?_Locinfo_ctor@_Locinfo@std@@SAXPEAV12@PEBD@Z) already defined in msvcprt.lib(MSVCP140.dll) [D:\code\lua\gods\build\gods_native.vcxproj]
libcpmt.lib(locale0.obj) : error LNK2005: "public: static void __cdecl std::_Locinfo::_Locinfo_dtor(class std::_Locinfo *)" (?_Locinfo_dtor@_Locinfo@std@@SAXPEAV12@@Z) already defined in msvcprt.lib(MSVCP140.dll) [D:\code\lua\gods\build\gods_native.vcxproj]
libcpmt.lib(cout.obj) : error LNK2038: mismatch detected for 'RuntimeLibrary': value 'MT_StaticRelease' doesn't match value 'MD_DynamicRelease' in gods_engine.obj [D:\code\lua\gods\build\gods_native.vcxproj]
libcpmt.lib(cout.obj) : error LNK2005: "protected: __cdecl std::basic_ios<char,struct std::char_traits<char> >::basic_ios<char,struct std::char_traits<char> >(void)" (??0?$basic_ios@DU?$char_traits@D@std@@@std@@IEAA@XZ) already defined in msvcprt.lib(MSVCP140.dll) [D:\code\lua\gods\build\gods_native.vcxproj]
libcpmt.lib(cout.obj) : error LNK2005: "public: __cdecl std::basic_ostream<char,struct std::char_traits<char> >::basic_ostream<char,struct std::char_traits<char> >(class std::basic_streambuf<char,struct std::char_traits<char> > *,bool)" (??0?$basic_ostream@DU?$char_traits@D@std@@@std@@QEAA@PEAV?$basic_streambuf@DU?$char_traits@D@std@@@1@_N@Z) already defined in msvcprt.lib(MSVCP140.dll) [D:\code\lua\gods\build\gods_native.vcxproj]
libcpmt.lib(cout.obj) : error LNK2005: "protected: __cdecl std::basic_streambuf<char,struct std::char_traits<char> >::basic_streambuf<char,struct std::char_traits<char> >(void)" (??0?$basic_streambuf@DU?$char_traits@D@std@@@std@@IEAA@XZ) already defined in msvcprt.lib(MSVCP140.dll) [D:\code\lua\gods\build\gods_native.vcxproj]
libcpmt.lib(cout.obj) : error LNK2005: "public: static unsigned __int64 __cdecl std::codecvt<char,char,struct _Mbstatet>::_Getcat(class std::locale::facet const * *,class std::locale const *)" (?_Getcat@?$codecvt@DDU_Mbstatet@@@std@@SA_KPEAPEBVfacet@locale@2@PEBV42@@Z) already defined in msvcprt.lib(MSVCP140.dll) [D:\code\lua\gods\build\gods_native.vcxproj]
libcpmt.lib(cout.obj) : error LNK2005: "protected: __int64 __cdecl std::basic_streambuf<char,struct std::char_traits<char> >::_Gnavail(void)const " (?_Gnavail@?$basic_streambuf@DU?$char_traits@D@std@@@std@@IEBA_JXZ) already defined in msvcprt.lib(MSVCP140.dll) [D:\code\lua\gods\build\gods_native.vcxproj]
libcpmt.lib(cout.obj) : error LNK2005: "protected: char * __cdecl std::basic_streambuf<char,struct std::char_traits<char> >::_Gndec(void)" (?_Gndec@?$basic_streambuf@DU?$char_traits@D@std@@@std@@IEAAPEADXZ) already defined in msvcprt.lib(MSVCP140.dll) [D:\code\lua\gods\build\gods_native.vcxproj]
libcpmt.lib(cout.obj) : error LNK2005: "protected: char * __cdecl std::basic_streambuf<char,struct std::char_traits<char> >::_Gninc(void)" (?_Gninc@?$basic_streambuf@DU?$char_traits@D@std@@@std@@IEAAPEADXZ) already defined in msvcprt.lib(MSVCP140.dll) [D:\code\lua\gods\build\gods_native.vcxproj]
libcpmt.lib(cout.obj) : error LNK2005: "protected: void __cdecl std::basic_streambuf<char,struct std::char_traits<char> >::_Init(char * *,char * *,int *,char * *,char * *,int *)" (?_Init@?$basic_streambuf@DU?$char_traits@D@std@@@std@@IEAAXPEAPEAD0PEAH001@Z) already defined in msvcprt.lib(MSVCP140.dll) [D:\code\lua\gods\build\gods_native.vcxproj]
libcpmt.lib(cout.obj) : error LNK2005: "protected: void __cdecl std::basic_streambuf<char,struct std::char_traits<char> >::_Init(void)" (?_Init@?$basic_streambuf@DU?$char_traits@D@std@@@std@@IEAAXXZ) already defined in msvcprt.lib(MSVCP140.dll) [D:\code\lua\gods\build\gods_native.vcxproj]
libcpmt.lib(cout.obj) : error LNK2005: "protected: __int64 __cdecl std::basic_streambuf<char,struct std::char_traits<char> >::_Pnavail(void)const " (?_Pnavail@?$basic_streambuf@DU?$char_traits@D@std@@@std@@IEBA_JXZ) already defined in msvcprt.lib(MSVCP140.dll) [D:\code\lua\gods\build\gods_native.vcxproj]
libcpmt.lib(cout.obj) : error LNK2005: "protected: char * __cdecl std::basic_streambuf<char,struct std::char_traits<char> >::_Pninc(void)" (?_Pninc@?$basic_streambuf@DU?$char_traits@D@std@@@std@@IEAAPEADXZ) already defined in msvcprt.lib(MSVCP140.dll) [D:\code\lua\gods\build\gods_native.vcxproj]
libcpmt.lib(cout.obj) : error LNK2005: "public: bool __cdecl std::codecvt_base::always_noconv(void)const " (?always_noconv@codecvt_base@std@@QEBA_NXZ) already defined in msvcprt.lib(MSVCP140.dll) [D:\code\lua\gods\build\gods_native.vcxproj]
libcpmt.lib(cout.obj) : error LNK2005: "protected: char * __cdecl std::basic_streambuf<char,struct std::char_traits<char> >::eback(void)const " (?eback@?$basic_streambuf@DU?$char_traits@D@std@@@std@@IEBAPEADXZ) already defined in msvcprt.lib(MSVCP140.dll) [D:\code\lua\gods\build\gods_native.vcxproj]
libcpmt.lib(cout.obj) : error LNK2005: "protected: char * __cdecl std::basic_streambuf<char,struct std::char_traits<char> >::egptr(void)const " (?egptr@?$basic_streambuf@DU?$char_traits@D@std@@@std@@IEBAPEADXZ) already defined in msvcprt.lib(MSVCP140.dll) [D:\code\lua\gods\build\gods_native.vcxproj]
libcpmt.lib(cout.obj) : error LNK2005: "protected: char * __cdecl std::basic_streambuf<char,struct std::char_traits<char> >::epptr(void)const " (?epptr@?$basic_streambuf@DU?$char_traits@D@std@@@std@@IEBAPEADXZ) already defined in msvcprt.lib(MSVCP140.dll) [D:\code\lua\gods\build\gods_native.vcxproj]
libcpmt.lib(cout.obj) : error LNK2005: "protected: void __cdecl std::basic_streambuf<char,struct std::char_traits<char> >::gbump(int)" (?gbump@?$basic_streambuf@DU?$char_traits@D@std@@@std@@IEAAXH@Z) already defined in msvcprt.lib(MSVCP140.dll) [D:\code\lua\gods\build\gods_native.vcxproj]
libcpmt.lib(cout.obj) : error LNK2005: "protected: char * __cdecl std::basic_streambuf<char,struct std::char_traits<char> >::gptr(void)const " (?gptr@?$basic_streambuf@DU?$char_traits@D@std@@@std@@IEBAPEADXZ) already defined in msvcprt.lib(MSVCP140.dll) [D:\code\lua\gods\build\gods_native.vcxproj]
libcpmt.lib(cout.obj) : error LNK2005: "public: int __cdecl std::codecvt<char,char,struct _Mbstatet>::in(struct _Mbstatet &,char const *,char const *,char const * &,char *,char *,char * &)const " (?in@?$codecvt@DDU_Mbstatet@@@std@@QEBAHAEAU_Mbstatet@@PEBD1AEAPEBDPEAD3AEAPEAD@Z) already defined in msvcprt.lib(MSVCP140.dll) [D:\code\lua\gods\build\gods_native.vcxproj]
libcpmt.lib(cout.obj) : error LNK2005: "public: int __cdecl std::codecvt<char,char,struct _Mbstatet>::out(struct _Mbstatet &,char const *,char const *,char const * &,char *,char *,char * &)const " (?out@?$codecvt@DDU_Mbstatet@@@std@@QEBAHAEAU_Mbstatet@@PEBD1AEAPEBDPEAD3AEAPEAD@Z) already defined in msvcprt.lib(MSVCP140.dll) [D:\code\lua\gods\build\gods_native.vcxproj]
libcpmt.lib(cout.obj) : error LNK2005: "protected: void __cdecl std::basic_streambuf<char,struct std::char_traits<char> >::pbump(int)" (?pbump@?$basic_streambuf@DU?$char_traits@D@std@@@std@@IEAAXH@Z) already defined in msvcprt.lib(MSVCP140.dll) [D:\code\lua\gods\build\gods_native.vcxproj]
libcpmt.lib(cout.obj) : error LNK2005: "protected: char * __cdecl std::basic_streambuf<char,struct std::char_traits<char> >::pptr(void)const " (?pptr@?$basic_streambuf@DU?$char_traits@D@std@@@std@@IEBAPEADXZ) already defined in msvcprt.lib(MSVCP140.dll) [D:\code\lua\gods\build\gods_native.vcxproj]
libcpmt.lib(cout.obj) : error LNK2005: "protected: void __cdecl std::basic_streambuf<char,struct std::char_traits<char> >::setg(char *,char *,char *)" (?setg@?$basic_streambuf@DU?$char_traits@D@std@@@std@@IEAAXPEAD00@Z) already defined in msvcprt.lib(MSVCP140.dll) [D:\code\lua\gods\build\gods_native.vcxproj]
libcpmt.lib(cout.obj) : error LNK2005: "protected: void __cdecl std::basic_streambuf<char,struct std::char_traits<char> >::setp(char *,char *)" (?setp@?$basic_streambuf@DU?$char_traits@D@std@@@std@@IEAAXPEAD0@Z) already defined in msvcprt.lib(MSVCP140.dll) [D:\code\lua\gods\build\gods_native.vcxproj]
libcpmt.lib(cout.obj) : error LNK2005: "public: void __cdecl std::basic_ios<char,struct std::char_traits<char> >::setstate(int,bool)" (?setstate@?$basic_ios@DU?$char_traits@D@std@@@std@@QEAAXH_N@Z) already defined in msvcprt.lib(MSVCP140.dll) [D:\code\lua\gods\build\gods_native.vcxproj]
libcpmt.lib(cout.obj) : error LNK2005: "public: int __cdecl std::codecvt<char,char,struct _Mbstatet>::unshift(struct _Mbstatet &,char *,char *,char * &)const " (?unshift@?$codecvt@DDU_Mbstatet@@@std@@QEBAHAEAU_Mbstatet@@PEAD1AEAPEAD@Z) already defined in msvcprt.lib(MSVCP140.dll) [D:\code\lua\gods\build\gods_native.vcxproj]
libcpmt.lib(cout.obj) : error LNK2005: "public: char __cdecl std::basic_ios<char,struct std::char_traits<char> >::widen(char)const " (?widen@?$basic_ios@DU?$char_traits@D@std@@@std@@QEBADD@Z) already defined in msvcprt.lib(MSVCP140.dll) [D:\code\lua\gods\build\gods_native.vcxproj]
libcpmt.lib(cerr.obj) : error LNK2038: mismatch detected for 'RuntimeLibrary': value 'MT_StaticRelease' doesn't match value 'MD_DynamicRelease' in gods_engine.obj [D:\code\lua\gods\build\gods_native.vcxproj]
libcpmt.lib(cerr.obj) : error LNK2005: "protected: __cdecl std::basic_ios<char,struct std::char_traits<char> >::basic_ios<char,struct std::char_traits<char> >(void)" (??0?$basic_ios@DU?$char_traits@D@std@@@std@@IEAA@XZ) already defined in msvcprt.lib(MSVCP140.dll) [D:\code\lua\gods\build\gods_native.vcxproj]
libcpmt.lib(cerr.obj) : error LNK2005: "public: __cdecl std::basic_ostream<char,struct std::char_traits<char> >::basic_ostream<char,struct std::char_traits<char> >(class std::basic_streambuf<char,struct std::char_traits<char> > *,bool)" (??0?$basic_ostream@DU?$char_traits@D@std@@@std@@QEAA@PEAV?$basic_streambuf@DU?$char_traits@D@std@@@1@_N@Z) already defined in msvcprt.lib(MSVCP140.dll) [D:\code\lua\gods\build\gods_native.vcxproj]
libcpmt.lib(cerr.obj) : error LNK2005: "protected: __cdecl std::basic_streambuf<char,struct std::char_traits<char> >::basic_streambuf<char,struct std::char_traits<char> >(void)" (??0?$basic_streambuf@DU?$char_traits@D@std@@@std@@IEAA@XZ) already defined in msvcprt.lib(MSVCP140.dll) [D:\code\lua\gods\build\gods_native.vcxproj]
libcpmt.lib(cerr.obj) : error LNK2005: "public: static unsigned __int64 __cdecl std::codecvt<char,char,struct _Mbstatet>::_Getcat(class std::locale::facet const * *,class std::locale const *)" (?_Getcat@?$codecvt@DDU_Mbstatet@@@std@@SA_KPEAPEBVfacet@locale@2@PEBV42@@Z) already defined in msvcprt.lib(MSVCP140.dll) [D:\code\lua\gods\build\gods_native.vcxproj]
libcpmt.lib(cerr.obj) : error LNK2005: "protected: __int64 __cdecl std::basic_streambuf<char,struct std::char_traits<char> >::_Gnavail(void)const " (?_Gnavail@?$basic_streambuf@DU?$char_traits@D@std@@@std@@IEBA_JXZ) already defined in msvcprt.lib(MSVCP140.dll) [D:\code\lua\gods\build\gods_native.vcxproj]
libcpmt.lib(cerr.obj) : error LNK2005: "protected: char * __cdecl std::basic_streambuf<char,struct std::char_traits<char> >::_Gndec(void)" (?_Gndec@?$basic_streambuf@DU?$char_traits@D@std@@@std@@IEAAPEADXZ) already defined in msvcprt.lib(MSVCP140.dll) [D:\code\lua\gods\build\gods_native.vcxproj]
libcpmt.lib(cerr.obj) : error LNK2005: "protected: char * __cdecl std::basic_streambuf<char,struct std::char_traits<char> >::_Gninc(void)" (?_Gninc@?$basic_streambuf@DU?$char_traits@D@std@@@std@@IEAAPEADXZ) already defined in msvcprt.lib(MSVCP140.dll) [D:\code\lua\gods\build\gods_native.vcxproj]
libcpmt.lib(cerr.obj) : error LNK2005: "protected: void __cdecl std::basic_streambuf<char,struct std::char_traits<char> >::_Init(char * *,char * *,int *,char * *,char * *,int *)" (?_Init@?$basic_streambuf@DU?$char_traits@D@std@@@std@@IEAAXPEAPEAD0PEAH001@Z) already defined in msvcprt.lib(MSVCP140.dll) [D:\code\lua\gods\build\gods_native.vcxproj]
libcpmt.lib(cerr.obj) : error LNK2005: "protected: void __cdecl std::basic_streambuf<char,struct std::char_traits<char> >::_Init(void)" (?_Init@?$basic_streambuf@DU?$char_traits@D@std@@@std@@IEAAXXZ) already defined in msvcprt.lib(MSVCP140.dll) [D:\code\lua\gods\build\gods_native.vcxproj]
libcpmt.lib(cerr.obj) : error LNK2005: "protected: __int64 __cdecl std::basic_streambuf<char,struct std::char_traits<char> >::_Pnavail(void)const " (?_Pnavail@?$basic_streambuf@DU?$char_traits@D@std@@@std@@IEBA_JXZ) already defined in msvcprt.lib(MSVCP140.dll) [D:\code\lua\gods\build\gods_native.vcxproj]
libcpmt.lib(cerr.obj) : error LNK2005: "protected: char * __cdecl std::basic_streambuf<char,struct std::char_traits<char> >::_Pninc(void)" (?_Pninc@?$basic_streambuf@DU?$char_traits@D@std@@@std@@IEAAPEADXZ) already defined in msvcprt.lib(MSVCP140.dll) [D:\code\lua\gods\build\gods_native.vcxproj]
libcpmt.lib(cerr.obj) : error LNK2005: "public: bool __cdecl std::codecvt_base::always_noconv(void)const " (?always_noconv@codecvt_base@std@@QEBA_NXZ) already defined in msvcprt.lib(MSVCP140.dll) [D:\code\lua\gods\build\gods_native.vcxproj]
libcpmt.lib(cerr.obj) : error LNK2005: "protected: char * __cdecl std::basic_streambuf<char,struct std::char_traits<char> >::eback(void)const " (?eback@?$basic_streambuf@DU?$char_traits@D@std@@@std@@IEBAPEADXZ) already defined in msvcprt.lib(MSVCP140.dll) [D:\code\lua\gods\build\gods_native.vcxproj]
libcpmt.lib(cerr.obj) : error LNK2005: "protected: char * __cdecl std::basic_streambuf<char,struct std::char_traits<char> >::egptr(void)const " (?egptr@?$basic_streambuf@DU?$char_traits@D@std@@@std@@IEBAPEADXZ) already defined in msvcprt.lib(MSVCP140.dll) [D:\code\lua\gods\build\gods_native.vcxproj]
libcpmt.lib(cerr.obj) : error LNK2005: "protected: char * __cdecl std::basic_streambuf<char,struct std::char_traits<char> >::epptr(void)const " (?epptr@?$basic_streambuf@DU?$char_traits@D@std@@@std@@IEBAPEADXZ) already defined in msvcprt.lib(MSVCP140.dll) [D:\code\lua\gods\build\gods_native.vcxproj]
libcpmt.lib(cerr.obj) : error LNK2005: "protected: void __cdecl std::basic_streambuf<char,struct std::char_traits<char> >::gbump(int)" (?gbump@?$basic_streambuf@DU?$char_traits@D@std@@@std@@IEAAXH@Z) already defined in msvcprt.lib(MSVCP140.dll) [D:\code\lua\gods\build\gods_native.vcxproj]
libcpmt.lib(cerr.obj) : error LNK2005: "protected: char * __cdecl std::basic_streambuf<char,struct std::char_traits<char> >::gptr(void)const " (?gptr@?$basic_streambuf@DU?$char_traits@D@std@@@std@@IEBAPEADXZ) already defined in msvcprt.lib(MSVCP140.dll) [D:\code\lua\gods\build\gods_native.vcxproj]
libcpmt.lib(cerr.obj) : error LNK2005: "public: int __cdecl std::codecvt<char,char,struct _Mbstatet>::in(struct _Mbstatet &,char const *,char const *,char const * &,char *,char *,char * &)const " (?in@?$codecvt@DDU_Mbstatet@@@std@@QEBAHAEAU_Mbstatet@@PEBD1AEAPEBDPEAD3AEAPEAD@Z) already defined in msvcprt.lib(MSVCP140.dll) [D:\code\lua\gods\build\gods_native.vcxproj]
libcpmt.lib(cerr.obj) : error LNK2005: "public: int __cdecl std::codecvt<char,char,struct _Mbstatet>::out(struct _Mbstatet &,char const *,char const *,char const * &,char *,char *,char * &)const " (?out@?$codecvt@DDU_Mbstatet@@@std@@QEBAHAEAU_Mbstatet@@PEBD1AEAPEBDPEAD3AEAPEAD@Z) already defined in msvcprt.lib(MSVCP140.dll) [D:\code\lua\gods\build\gods_native.vcxproj]
libcpmt.lib(cerr.obj) : error LNK2005: "protected: void __cdecl std::basic_streambuf<char,struct std::char_traits<char> >::pbump(int)" (?pbump@?$basic_streambuf@DU?$char_traits@D@std@@@std@@IEAAXH@Z) already defined in msvcprt.lib(MSVCP140.dll) [D:\code\lua\gods\build\gods_native.vcxproj]
libcpmt.lib(cerr.obj) : error LNK2005: "protected: char * __cdecl std::basic_streambuf<char,struct std::char_traits<char> >::pptr(void)const " (?pptr@?$basic_streambuf@DU?$char_traits@D@std@@@std@@IEBAPEADXZ) already defined in msvcprt.lib(MSVCP140.dll) [D:\code\lua\gods\build\gods_native.vcxproj]
libcpmt.lib(cerr.obj) : error LNK2005: "protected: void __cdecl std::basic_streambuf<char,struct std::char_traits<char> >::setg(char *,char *,char *)" (?setg@?$basic_streambuf@DU?$char_traits@D@std@@@std@@IEAAXPEAD00@Z) already defined in msvcprt.lib(MSVCP140.dll) [D:\code\lua\gods\build\gods_native.vcxproj]
libcpmt.lib(cerr.obj) : error LNK2005: "protected: void __cdecl std::basic_streambuf<char,struct std::char_traits<char> >::setp(char *,char *)" (?setp@?$basic_streambuf@DU?$char_traits@D@std@@@std@@IEAAXPEAD0@Z) already defined in msvcprt.lib(MSVCP140.dll) [D:\code\lua\gods\build\gods_native.vcxproj]
libcpmt.lib(cerr.obj) : error LNK2005: "public: void __cdecl std::basic_ios<char,struct std::char_traits<char> >::setstate(int,bool)" (?setstate@?$basic_ios@DU?$char_traits@D@std@@@std@@QEAAXH_N@Z) already defined in msvcprt.lib(MSVCP140.dll) [D:\code\lua\gods\build\gods_native.vcxproj]
libcpmt.lib(cerr.obj) : error LNK2005: "public: int __cdecl std::codecvt<char,char,struct _Mbstatet>::unshift(struct _Mbstatet &,char *,char *,char * &)const " (?unshift@?$codecvt@DDU_Mbstatet@@@std@@QEBAHAEAU_Mbstatet@@PEAD1AEAPEAD@Z) already defined in msvcprt.lib(MSVCP140.dll) [D:\code\lua\gods\build\gods_native.vcxproj]
libcpmt.lib(cerr.obj) : error LNK2005: "public: char __cdecl std::basic_ios<char,struct std::char_traits<char> >::widen(char)const " (?widen@?$basic_ios@DU?$char_traits@D@std@@@std@@QEBADD@Z) already defined in msvcprt.lib(MSVCP140.dll) [D:\code\lua\gods\build\gods_native.vcxproj]
libcpmt.lib(clog.obj) : error LNK2038: mismatch detected for 'RuntimeLibrary': value 'MT_StaticRelease' doesn't match value 'MD_DynamicRelease' in gods_engine.obj [D:\code\lua\gods\build\gods_native.vcxproj]
libcpmt.lib(clog.obj) : error LNK2005: "protected: __cdecl std::basic_ios<char,struct std::char_traits<char> >::basic_ios<char,struct std::char_traits<char> >(void)" (??0?$basic_ios@DU?$char_traits@D@std@@@std@@IEAA@XZ) already defined in msvcprt.lib(MSVCP140.dll) [D:\code\lua\gods\build\gods_native.vcxproj]
libcpmt.lib(clog.obj) : error LNK2005: "public: __cdecl std::basic_ostream<char,struct std::char_traits<char> >::basic_ostream<char,struct std::char_traits<char> >(class std::basic_streambuf<char,struct std::char_traits<char> > *,bool)" (??0?$basic_ostream@DU?$char_traits@D@std@@@std@@QEAA@PEAV?$basic_streambuf@DU?$char_traits@D@std@@@1@_N@Z) already defined in msvcprt.lib(MSVCP140.dll) [D:\code\lua\gods\build\gods_native.vcxproj]
libcpmt.lib(clog.obj) : error LNK2005: "protected: __cdecl std::basic_streambuf<char,struct std::char_traits<char> >::basic_streambuf<char,struct std::char_traits<char> >(void)" (??0?$basic_streambuf@DU?$char_traits@D@std@@@std@@IEAA@XZ) already defined in msvcprt.lib(MSVCP140.dll) [D:\code\lua\gods\build\gods_native.vcxproj]
libcpmt.lib(clog.obj) : error LNK2005: "public: static unsigned __int64 __cdecl std::codecvt<char,char,struct _Mbstatet>::_Getcat(class std::locale::facet const * *,class std::locale const *)" (?_Getcat@?$codecvt@DDU_Mbstatet@@@std@@SA_KPEAPEBVfacet@locale@2@PEBV42@@Z) already defined in msvcprt.lib(MSVCP140.dll) [D:\code\lua\gods\build\gods_native.vcxproj]
libcpmt.lib(clog.obj) : error LNK2005: "protected: __int64 __cdecl std::basic_streambuf<char,struct std::char_traits<char> >::_Gnavail(void)const " (?_Gnavail@?$basic_streambuf@DU?$char_traits@D@std@@@std@@IEBA_JXZ) already defined in msvcprt.lib(MSVCP140.dll) [D:\code\lua\gods\build\gods_native.vcxproj]
libcpmt.lib(clog.obj) : error LNK2005: "protected: char * __cdecl std::basic_streambuf<char,struct std::char_traits<char> >::_Gndec(void)" (?_Gndec@?$basic_streambuf@DU?$char_traits@D@std@@@std@@IEAAPEADXZ) already defined in msvcprt.lib(MSVCP140.dll) [D:\code\lua\gods\build\gods_native.vcxproj]
libcpmt.lib(clog.obj) : error LNK2005: "protected: char * __cdecl std::basic_streambuf<char,struct std::char_traits<char> >::_Gninc(void)" (?_Gninc@?$basic_streambuf@DU?$char_traits@D@std@@@std@@IEAAPEADXZ) already defined in msvcprt.lib(MSVCP140.dll) [D:\code\lua\gods\build\gods_native.vcxproj]
libcpmt.lib(clog.obj) : error LNK2005: "protected: void __cdecl std::basic_streambuf<char,struct std::char_traits<char> >::_Init(char * *,char * *,int *,char * *,char * *,int *)" (?_Init@?$basic_streambuf@DU?$char_traits@D@std@@@std@@IEAAXPEAPEAD0PEAH001@Z) already defined in msvcprt.lib(MSVCP140.dll) [D:\code\lua\gods\build\gods_native.vcxproj]
libcpmt.lib(clog.obj) : error LNK2005: "protected: void __cdecl std::basic_streambuf<char,struct std::char_traits<char> >::_Init(void)" (?_Init@?$basic_streambuf@DU?$char_traits@D@std@@@std@@IEAAXXZ) already defined in msvcprt.lib(MSVCP140.dll) [D:\code\lua\gods\build\gods_native.vcxproj]
libcpmt.lib(clog.obj) : error LNK2005: "protected: __int64 __cdecl std::basic_streambuf<char,struct std::char_traits<char> >::_Pnavail(void)const " (?_Pnavail@?$basic_streambuf@DU?$char_traits@D@std@@@std@@IEBA_JXZ) already defined in msvcprt.lib(MSVCP140.dll) [D:\code\lua\gods\build\gods_native.vcxproj]
libcpmt.lib(clog.obj) : error LNK2005: "protected: char * __cdecl std::basic_streambuf<char,struct std::char_traits<char> >::_Pninc(void)" (?_Pninc@?$basic_streambuf@DU?$char_traits@D@std@@@std@@IEAAPEADXZ) already defined in msvcprt.lib(MSVCP140.dll) [D:\code\lua\gods\build\gods_native.vcxproj]
libcpmt.lib(clog.obj) : error LNK2005: "public: bool __cdecl std::codecvt_base::always_noconv(void)const " (?always_noconv@codecvt_base@std@@QEBA_NXZ) already defined in msvcprt.lib(MSVCP140.dll) [D:\code\lua\gods\build\gods_native.vcxproj]
libcpmt.lib(clog.obj) : error LNK2005: "protected: char * __cdecl std::basic_streambuf<char,struct std::char_traits<char> >::eback(void)const " (?eback@?$basic_streambuf@DU?$char_traits@D@std@@@std@@IEBAPEADXZ) already defined in msvcprt.lib(MSVCP140.dll) [D:\code\lua\gods\build\gods_native.vcxproj]
libcpmt.lib(clog.obj) : error LNK2005: "protected: char * __cdecl std::basic_streambuf<char,struct std::char_traits<char> >::egptr(void)const " (?egptr@?$basic_streambuf@DU?$char_traits@D@std@@@std@@IEBAPEADXZ) already defined in msvcprt.lib(MSVCP140.dll) [D:\code\lua\gods\build\gods_native.vcxproj]
libcpmt.lib(clog.obj) : error LNK2005: "protected: char * __cdecl std::basic_streambuf<char,struct std::char_traits<char> >::epptr(void)const " (?epptr@?$basic_streambuf@DU?$char_traits@D@std@@@std@@IEBAPEADXZ) already defined in msvcprt.lib(MSVCP140.dll) [D:\code\lua\gods\build\gods_native.vcxproj]
libcpmt.lib(clog.obj) : error LNK2005: "protected: void __cdecl std::basic_streambuf<char,struct std::char_traits<char> >::gbump(int)" (?gbump@?$basic_streambuf@DU?$char_traits@D@std@@@std@@IEAAXH@Z) already defined in msvcprt.lib(MSVCP140.dll) [D:\code\lua\gods\build\gods_native.vcxproj]
libcpmt.lib(clog.obj) : error LNK2005: "protected: char * __cdecl std::basic_streambuf<char,struct std::char_traits<char> >::gptr(void)const " (?gptr@?$basic_streambuf@DU?$char_traits@D@std@@@std@@IEBAPEADXZ) already defined in msvcprt.lib(MSVCP140.dll) [D:\code\lua\gods\build\gods_native.vcxproj]
libcpmt.lib(clog.obj) : error LNK2005: "public: int __cdecl std::codecvt<char,char,struct _Mbstatet>::in(struct _Mbstatet &,char const *,char const *,char const * &,char *,char *,char * &)const " (?in@?$codecvt@DDU_Mbstatet@@@std@@QEBAHAEAU_Mbstatet@@PEBD1AEAPEBDPEAD3AEAPEAD@Z) already defined in msvcprt.lib(MSVCP140.dll) [D:\code\lua\gods\build\gods_native.vcxproj]
libcpmt.lib(clog.obj) : error LNK2005: "public: int __cdecl std::codecvt<char,char,struct _Mbstatet>::out(struct _Mbstatet &,char const *,char const *,char const * &,char *,char *,char * &)const " (?out@?$codecvt@DDU_Mbstatet@@@std@@QEBAHAEAU_Mbstatet@@PEBD1AEAPEBDPEAD3AEAPEAD@Z) already defined in msvcprt.lib(MSVCP140.dll) [D:\code\lua\gods\build\gods_native.vcxproj]
libcpmt.lib(clog.obj) : error LNK2005: "protected: void __cdecl std::basic_streambuf<char,struct std::char_traits<char> >::pbump(int)" (?pbump@?$basic_streambuf@DU?$char_traits@D@std@@@std@@IEAAXH@Z) already defined in msvcprt.lib(MSVCP140.dll) [D:\code\lua\gods\build\gods_native.vcxproj]
libcpmt.lib(clog.obj) : error LNK2005: "protected: char * __cdecl std::basic_streambuf<char,struct std::char_traits<char> >::pptr(void)const " (?pptr@?$basic_streambuf@DU?$char_traits@D@std@@@std@@IEBAPEADXZ) already defined in msvcprt.lib(MSVCP140.dll) [D:\code\lua\gods\build\gods_native.vcxproj]
libcpmt.lib(clog.obj) : error LNK2005: "protected: void __cdecl std::basic_streambuf<char,struct std::char_traits<char> >::setg(char *,char *,char *)" (?setg@?$basic_streambuf@DU?$char_traits@D@std@@@std@@IEAAXPEAD00@Z) already defined in msvcprt.lib(MSVCP140.dll) [D:\code\lua\gods\build\gods_native.vcxproj]
libcpmt.lib(clog.obj) : error LNK2005: "protected: void __cdecl std::basic_streambuf<char,struct std::char_traits<char> >::setp(char *,char *)" (?setp@?$basic_streambuf@DU?$char_traits@D@std@@@std@@IEAAXPEAD0@Z) already defined in msvcprt.lib(MSVCP140.dll) [D:\code\lua\gods\build\gods_native.vcxproj]
libcpmt.lib(clog.obj) : error LNK2005: "public: void __cdecl std::basic_ios<char,struct std::char_traits<char> >::setstate(int,bool)" (?setstate@?$basic_ios@DU?$char_traits@D@std@@@std@@QEAAXH_N@Z) already defined in msvcprt.lib(MSVCP140.dll) [D:\code\lua\gods\build\gods_native.vcxproj]
libcpmt.lib(clog.obj) : error LNK2005: "public: int __cdecl std::codecvt<char,char,struct _Mbstatet>::unshift(struct _Mbstatet &,char *,char *,char * &)const " (?unshift@?$codecvt@DDU_Mbstatet@@@std@@QEBAHAEAU_Mbstatet@@PEAD1AEAPEAD@Z) already defined in msvcprt.lib(MSVCP140.dll) [D:\code\lua\gods\build\gods_native.vcxproj]
libcpmt.lib(clog.obj) : error LNK2005: "public: char __cdecl std::basic_ios<char,struct std::char_traits<char> >::widen(char)const " (?widen@?$basic_ios@DU?$char_traits@D@std@@@std@@QEBADD@Z) already defined in msvcprt.lib(MSVCP140.dll) [D:\code\lua\gods\build\gods_native.vcxproj]
libcpmt.lib(locale.obj) : error LNK2038: mismatch detected for 'RuntimeLibrary': value 'MT_StaticRelease' doesn't match value 'MD_DynamicRelease' in gods_engine.obj [D:\code\lua\gods\build\gods_native.vcxproj]
libcpmt.lib(locale.obj) : error LNK2005: "public: static unsigned __int64 __cdecl std::codecvt<char,char,struct _Mbstatet>::_Getcat(class std::locale::facet const * *,class std::locale const *)" (?_Getcat@?$codecvt@DDU_Mbstatet@@@std@@SA_KPEAPEBVfacet@locale@2@PEBV42@@Z) already defined in msvcprt.lib(MSVCP140.dll) [D:\code\lua\gods\build\gods_native.vcxproj]
libcpmt.lib(locale.obj) : error LNK2005: "public: struct _Cvtvec __cdecl std::_Locinfo::_Getcvt(void)const " (?_Getcvt@_Locinfo@std@@QEBA?AU_Cvtvec@@XZ) already defined in msvcprt.lib(MSVCP140.dll) [D:\code\lua\gods\build\gods_native.vcxproj]
libcpmt.lib(locale.obj) : error LNK2005: "protected: __int64 __cdecl std::basic_streambuf<char,struct std::char_traits<char> >::_Gnavail(void)const " (?_Gnavail@?$basic_streambuf@DU?$char_traits@D@std@@@std@@IEBA_JXZ) already defined in msvcprt.lib(MSVCP140.dll) [D:\code\lua\gods\build\gods_native.vcxproj]
libcpmt.lib(locale.obj) : error LNK2005: "protected: char * __cdecl std::basic_streambuf<char,struct std::char_traits<char> >::_Gninc(void)" (?_Gninc@?$basic_streambuf@DU?$char_traits@D@std@@@std@@IEAAPEADXZ) already defined in msvcprt.lib(MSVCP140.dll) [D:\code\lua\gods\build\gods_native.vcxproj]
libcpmt.lib(locale.obj) : error LNK2005: "protected: __int64 __cdecl std::basic_streambuf<char,struct std::char_traits<char> >::_Pnavail(void)const " (?_Pnavail@?$basic_streambuf@DU?$char_traits@D@std@@@std@@IEBA_JXZ) already defined in msvcprt.lib(MSVCP140.dll) [D:\code\lua\gods\build\gods_native.vcxproj]
libcpmt.lib(locale.obj) : error LNK2005: "protected: char * __cdecl std::basic_streambuf<char,struct std::char_traits<char> >::_Pninc(void)" (?_Pninc@?$basic_streambuf@DU?$char_traits@D@std@@@std@@IEAAPEADXZ) already defined in msvcprt.lib(MSVCP140.dll) [D:\code\lua\gods\build\gods_native.vcxproj]
libcpmt.lib(locale.obj) : error LNK2005: "public: int __cdecl std::ios_base::flags(void)const " (?flags@ios_base@std@@QEBAHXZ) already defined in msvcprt.lib(MSVCP140.dll) [D:\code\lua\gods\build\gods_native.vcxproj]
libcpmt.lib(locale.obj) : error LNK2005: "protected: char * __cdecl std::basic_streambuf<char,struct std::char_traits<char> >::gptr(void)const " (?gptr@?$basic_streambuf@DU?$char_traits@D@std@@@std@@IEBAPEADXZ) already defined in msvcprt.lib(MSVCP140.dll) [D:\code\lua\gods\build\gods_native.vcxproj]
libcpmt.lib(locale.obj) : error LNK2005: "public: int __cdecl std::basic_streambuf<char,struct std::char_traits<char> >::sputc(char)" (?sputc@?$basic_streambuf@DU?$char_traits@D@std@@@std@@QEAAHD@Z) already defined in msvcprt.lib(MSVCP140.dll) [D:\code\lua\gods\build\gods_native.vcxproj]
libcpmt.lib(locale.obj) : error LNK2005: "public: __int64 __cdecl std::ios_base::width(__int64)" (?width@ios_base@std@@QEAA_J_J@Z) already defined in msvcprt.lib(MSVCP140.dll) [D:\code\lua\gods\build\gods_native.vcxproj]
libcpmt.lib(locale.obj) : error LNK2005: "public: __int64 __cdecl std::ios_base::width(void)const " (?width@ios_base@std@@QEBA_JXZ) already defined in msvcprt.lib(MSVCP140.dll) [D:\code\lua\gods\build\gods_native.vcxproj]
libcpmt.lib(iosptrs.obj) : error LNK2038: mismatch detected for 'RuntimeLibrary': value 'MT_StaticRelease' doesn't match value 'MD_DynamicRelease' in gods_engine.obj [D:\code\lua\gods\build\gods_native.vcxproj]
libcpmt.lib(xlock.obj) : error LNK2038: mismatch detected for 'RuntimeLibrary': value 'MT_StaticRelease' doesn't match value 'MD_DynamicRelease' in gods_engine.obj [D:\code\lua\gods\build\gods_native.vcxproj]
libcpmt.lib(xlock.obj) : error LNK2005: "public: __cdecl std::_Lockit::_Lockit(int)" (??0_Lockit@std@@QEAA@H@Z) already defined in msvcprt.lib(MSVCP140.dll) [D:\code\lua\gods\build\gods_native.vcxproj]
libcpmt.lib(xlock.obj) : error LNK2005: "public: __cdecl std::_Lockit::~_Lockit(void)" (??1_Lockit@std@@QEAA@XZ) already defined in msvcprt.lib(MSVCP140.dll) [D:\code\lua\gods\build\gods_native.vcxproj]
libcpmt.lib(xwctomb.obj) : error LNK2038: mismatch detected for 'RuntimeLibrary': value 'MT_StaticRelease' doesn't match value 'MD_DynamicRelease' in gods_engine.obj [D:\code\lua\gods\build\gods_native.vcxproj]
libcpmt.lib(wlocale.obj) : error LNK2038: mismatch detected for 'RuntimeLibrary': value 'MT_StaticRelease' doesn't match value 'MD_DynamicRelease' in gods_engine.obj [D:\code\lua\gods\build\gods_native.vcxproj]
libcpmt.lib(wlocale.obj) : error LNK2005: "public: struct _Cvtvec __cdecl std::_Locinfo::_Getcvt(void)const " (?_Getcvt@_Locinfo@std@@QEBA?AU_Cvtvec@@XZ) already defined in msvcprt.lib(MSVCP140.dll) [D:\code\lua\gods\build\gods_native.vcxproj]
libcpmt.lib(wlocale.obj) : error LNK2005: "public: unsigned short const * __cdecl std::_Locinfo::_W_Getdays(void)const " (?_W_Getdays@_Locinfo@std@@QEBAPEBGXZ) already defined in msvcprt.lib(MSVCP140.dll) [D:\code\lua\gods\build\gods_native.vcxproj]
libcpmt.lib(wlocale.obj) : error LNK2005: "public: unsigned short const * __cdecl std::_Locinfo::_W_Getmonths(void)const " (?_W_Getmonths@_Locinfo@std@@QEBAPEBGXZ) already defined in msvcprt.lib(MSVCP140.dll) [D:\code\lua\gods\build\gods_native.vcxproj]
libcpmt.lib(wlocale.obj) : error LNK2005: "public: int __cdecl std::ios_base::flags(void)const " (?flags@ios_base@std@@QEBAHXZ) already defined in msvcprt.lib(MSVCP140.dll) [D:\code\lua\gods\build\gods_native.vcxproj]
libcpmt.lib(wlocale.obj) : error LNK2005: "public: __int64 __cdecl std::ios_base::width(__int64)" (?width@ios_base@std@@QEAA_J_J@Z) already defined in msvcprt.lib(MSVCP140.dll) [D:\code\lua\gods\build\gods_native.vcxproj]
libcpmt.lib(wlocale.obj) : error LNK2005: "public: __int64 __cdecl std::ios_base::width(void)const " (?width@ios_base@std@@QEBA_JXZ) already defined in msvcprt.lib(MSVCP140.dll) [D:\code\lua\gods\build\gods_native.vcxproj]
libcpmt.lib(xlocale.obj) : error LNK2038: mismatch detected for 'RuntimeLibrary': value 'MT_StaticRelease' doesn't match value 'MD_DynamicRelease' in gods_engine.obj [D:\code\lua\gods\build\gods_native.vcxproj]
libcpmt.lib(xlocale.obj) : error LNK2005: "public: struct _Cvtvec __cdecl std::_Locinfo::_Getcvt(void)const " (?_Getcvt@_Locinfo@std@@QEBA?AU_Cvtvec@@XZ) already defined in msvcprt.lib(MSVCP140.dll) [D:\code\lua\gods\build\gods_native.vcxproj]
libcpmt.lib(xlocale.obj) : error LNK2005: "protected: __int64 __cdecl std::basic_streambuf<char,struct std::char_traits<char> >::_Gnavail(void)const " (?_Gnavail@?$basic_streambuf@DU?$char_traits@D@std@@@std@@IEBA_JXZ) already defined in msvcprt.lib(MSVCP140.dll) [D:\code\lua\gods\build\gods_native.vcxproj]
libcpmt.lib(xlocale.obj) : error LNK2005: "protected: char * __cdecl std::basic_streambuf<char,struct std::char_traits<char> >::_Gninc(void)" (?_Gninc@?$basic_streambuf@DU?$char_traits@D@std@@@std@@IEAAPEADXZ) already defined in msvcprt.lib(MSVCP140.dll) [D:\code\lua\gods\build\gods_native.vcxproj]
libcpmt.lib(xlocale.obj) : error LNK2005: "protected: __int64 __cdecl std::basic_streambuf<char,struct std::char_traits<char> >::_Pnavail(void)const " (?_Pnavail@?$basic_streambuf@DU?$char_traits@D@std@@@std@@IEBA_JXZ) already defined in msvcprt.lib(MSVCP140.dll) [D:\code\lua\gods\build\gods_native.vcxproj]
libcpmt.lib(xlocale.obj) : error LNK2005: "protected: char * __cdecl std::basic_streambuf<char,struct std::char_traits<char> >::_Pninc(void)" (?_Pninc@?$basic_streambuf@DU?$char_traits@D@std@@@std@@IEAAPEADXZ) already defined in msvcprt.lib(MSVCP140.dll) [D:\code\lua\gods\build\gods_native.vcxproj]
libcpmt.lib(xlocale.obj) : error LNK2005: "public: int __cdecl std::ios_base::flags(void)const " (?flags@ios_base@std@@QEBAHXZ) already defined in msvcprt.lib(MSVCP140.dll) [D:\code\lua\gods\build\gods_native.vcxproj]
libcpmt.lib(xlocale.obj) : error LNK2005: "protected: char * __cdecl std::basic_streambuf<char,struct std::char_traits<char> >::gptr(void)const " (?gptr@?$basic_streambuf@DU?$char_traits@D@std@@@std@@IEBAPEADXZ) already defined in msvcprt.lib(MSVCP140.dll) [D:\code\lua\gods\build\gods_native.vcxproj]
libcpmt.lib(xlocale.obj) : error LNK2005: "public: int __cdecl std::basic_streambuf<char,struct std::char_traits<char> >::sputc(char)" (?sputc@?$basic_streambuf@DU?$char_traits@D@std@@@std@@QEAAHD@Z) already defined in msvcprt.lib(MSVCP140.dll) [D:\code\lua\gods\build\gods_native.vcxproj]
libcpmt.lib(xlocale.obj) : error LNK2005: "public: __int64 __cdecl std::ios_base::width(__int64)" (?width@ios_base@std@@QEAA_J_J@Z) already defined in msvcprt.lib(MSVCP140.dll) [D:\code\lua\gods\build\gods_native.vcxproj]
libcpmt.lib(xlocale.obj) : error LNK2005: "public: __int64 __cdecl std::ios_base::width(void)const " (?width@ios_base@std@@QEBA_JXZ) already defined in msvcprt.lib(MSVCP140.dll) [D:\code\lua\gods\build\gods_native.vcxproj]
libcpmt.lib(xstol.obj) : error LNK2038: mismatch detected for 'RuntimeLibrary': value 'MT_StaticRelease' doesn't match value 'MD_DynamicRelease' in gods_engine.obj [D:\code\lua\gods\build\gods_native.vcxproj]
libcpmt.lib(xstoul.obj) : error LNK2038: mismatch detected for 'RuntimeLibrary': value 'MT_StaticRelease' doesn't match value 'MD_DynamicRelease' in gods_engine.obj [D:\code\lua\gods\build\gods_native.vcxproj]
libcpmt.lib(xstoll.obj) : error LNK2038: mismatch detected for 'RuntimeLibrary': value 'MT_StaticRelease' doesn't match value 'MD_DynamicRelease' in gods_engine.obj [D:\code\lua\gods\build\gods_native.vcxproj]
libcpmt.lib(xstoull.obj) : error LNK2038: mismatch detected for 'RuntimeLibrary': value 'MT_StaticRelease' doesn't match value 'MD_DynamicRelease' in gods_engine.obj [D:\code\lua\gods\build\gods_native.vcxproj]
libcpmt.lib(xmtx.obj) : error LNK2038: mismatch detected for 'RuntimeLibrary': value 'MT_StaticRelease' doesn't match value 'MD_DynamicRelease' in gods_engine.obj [D:\code\lua\gods\build\gods_native.vcxproj]
libcpmt.lib(xstrcoll.obj) : error LNK2038: mismatch detected for 'RuntimeLibrary': value 'MT_StaticRelease' doesn't match value 'MD_DynamicRelease' in gods_engine.obj [D:\code\lua\gods\build\gods_native.vcxproj]
libcpmt.lib(xdateord.obj) : error LNK2038: mismatch detected for 'RuntimeLibrary': value 'MT_StaticRelease' doesn't match value 'MD_DynamicRelease' in gods_engine.obj [D:\code\lua\gods\build\gods_native.vcxproj]
libcpmt.lib(xmbtowc.obj) : error LNK2038: mismatch detected for 'RuntimeLibrary': value 'MT_StaticRelease' doesn't match value 'MD_DynamicRelease' in gods_engine.obj [D:\code\lua\gods\build\gods_native.vcxproj]
libcpmt.lib(xwcscoll.obj) : error LNK2038: mismatch detected for 'RuntimeLibrary': value 'MT_StaticRelease' doesn't match value 'MD_DynamicRelease' in gods_engine.obj [D:\code\lua\gods\build\gods_native.vcxproj]
libcpmt.lib(xwcsxfrm.obj) : error LNK2038: mismatch detected for 'RuntimeLibrary': value 'MT_StaticRelease' doesn't match value 'MD_DynamicRelease' in gods_engine.obj [D:\code\lua\gods\build\gods_native.vcxproj]
libcpmt.lib(xgetwctype.obj) : error LNK2038: mismatch detected for 'RuntimeLibrary': value 'MT_StaticRelease' doesn't match value 'MD_DynamicRelease' in gods_engine.obj [D:\code\lua\gods\build\gods_native.vcxproj]
libcpmt.lib(xtowlower.obj) : error LNK2038: mismatch detected for 'RuntimeLibrary': value 'MT_StaticRelease' doesn't match value 'MD_DynamicRelease' in gods_engine.obj [D:\code\lua\gods\build\gods_native.vcxproj]
libcpmt.lib(xtowupper.obj) : error LNK2038: mismatch detected for 'RuntimeLibrary': value 'MT_StaticRelease' doesn't match value 'MD_DynamicRelease' in gods_engine.obj [D:\code\lua\gods\build\gods_native.vcxproj]
libcpmt.lib(xstrxfrm.obj) : error LNK2038: mismatch detected for 'RuntimeLibrary': value 'MT_StaticRelease' doesn't match value 'MD_DynamicRelease' in gods_engine.obj [D:\code\lua\gods\build\gods_native.vcxproj]
libcpmt.lib(StlCompareStringA.obj) : error LNK2038: mismatch detected for 'RuntimeLibrary': value 'MT_StaticRelease' doesn't match value 'MD_DynamicRelease' in gods_engine.obj [D:\code\lua\gods\build\gods_native.vcxproj]
libcpmt.lib(StlCompareStringW.obj) : error LNK2038: mismatch detected for 'RuntimeLibrary': value 'MT_StaticRelease' doesn't match value 'MD_DynamicRelease' in gods_engine.obj [D:\code\lua\gods\build\gods_native.vcxproj]
libcpmt.lib(StlLCMapStringW.obj) : error LNK2038: mismatch detected for 'RuntimeLibrary': value 'MT_StaticRelease' doesn't match value 'MD_DynamicRelease' in gods_engine.obj [D:\code\lua\gods\build\gods_native.vcxproj]
libcpmt.lib(StlLCMapStringA.obj) : error LNK2038: mismatch detected for 'RuntimeLibrary': value 'MT_StaticRelease' doesn't match value 'MD_DynamicRelease' in gods_engine.obj [D:\code\lua\gods\build\gods_native.vcxproj]
     Creating library D:/code/lua/gods/build/lib/Release/gods_native.lib and object D:/code/lua/gods/build/lib/Release/gods_native.exp
LINK : warning LNK4098: defaultlib 'LIBCMT' conflicts with use of other libs; use /NODEFAULTLIB:library [D:\code\lua\gods\build\gods_native.vcxproj]
D:\code\lua\gods\build\bin\Release\gods_native.dll : fatal error LNK1169: one or more multiply defined symbols found [D:\code\lua\gods\build\gods_native.vcxproj]
Done Building Project "D:\code\lua\gods\build\gods_native.vcxproj" (default targets) -- FAILED.

Build FAILED.

"D:\code\lua\gods\build\gods_native.vcxproj" (default target) (1) ->
(Link target) -> 
  LINK : warning LNK4098: defaultlib 'LIBCMT' conflicts with use of other libs; use /NODEFAULTLIB:library [D:\code\lua\gods\build\gods_native.vcxproj]


"D:\code\lua\gods\build\gods_native.vcxproj" (default target) (1) ->
(Link target) -> 
  ozz_base_r.lib(log.obj) : error LNK2038: mismatch detected for 'RuntimeLibrary': value 'MT_StaticRelease' doesn't match value 'MD_DynamicRelease' in gods_engine.obj [D:\code\lua\gods\build\gods_native.vcxproj]
  ozz_base_r.lib(allocator.obj) : error LNK2038: mismatch detected for 'RuntimeLibrary': value 'MT_StaticRelease' doesn't match value 'MD_DynamicRelease' in gods_engine.obj [D:\code\lua\gods\build\gods_native.vcxproj]
  msvcprt.lib(MSVCP140.dll) : error LNK2005: "public: virtual __cdecl std::basic_streambuf<char,struct std::char_traits<char> >::~basic_streambuf<char,struct std::char_traits<char> >(void)" (??1?$basic_streambuf@DU?$char_traits@D@std@@@std@@UEAA@XZ) already defined in ozz_base_r.lib(log.obj) [D:\code\lua\gods\build\gods_native.vcxproj]
  msvcprt.lib(MSVCP140.dll) : error LNK2005: "protected: virtual __int64 __cdecl std::basic_streambuf<char,struct std::char_traits<char> >::xsgetn(char *,__int64)" (?xsgetn@?$basic_streambuf@DU?$char_traits@D@std@@@std@@MEAA_JPEAD_J@Z) already defined in ozz_base_r.lib(log.obj) [D:\code\lua\gods\build\gods_native.vcxproj]
  msvcprt.lib(MSVCP140.dll) : error LNK2005: "protected: virtual __int64 __cdecl std::basic_streambuf<char,struct std::char_traits<char> >::xsputn(char const *,__int64)" (?xsputn@?$basic_streambuf@DU?$char_traits@D@std@@@std@@MEAA_JPEBD_J@Z) already defined in ozz_base_r.lib(log.obj) [D:\code\lua\gods\build\gods_native.vcxproj]
  msvcprt.lib(MSVCP140.dll) : error LNK2005: "public: virtual __cdecl std::basic_ios<char,struct std::char_traits<char> >::~basic_ios<char,struct std::char_traits<char> >(void)" (??1?$basic_ios@DU?$char_traits@D@std@@@std@@UEAA@XZ) already defined in ozz_base_r.lib(log.obj) [D:\code\lua\gods\build\gods_native.vcxproj]
  msvcprt.lib(MSVCP140.dll) : error LNK2005: "public: virtual __cdecl std::basic_ostream<char,struct std::char_traits<char> >::~basic_ostream<char,struct std::char_traits<char> >(void)" (??1?$basic_ostream@DU?$char_traits@D@std@@@std@@UEAA@XZ) already defined in ozz_base_r.lib(log.obj) [D:\code\lua\gods\build\gods_native.vcxproj]
  libcpmt.lib(locale0.obj) : error LNK2038: mismatch detected for 'RuntimeLibrary': value 'MT_StaticRelease' doesn't match value 'MD_DynamicRelease' in gods_engine.obj [D:\code\lua\gods\build\gods_native.vcxproj]
  libcpmt.lib(locale0.obj) : error LNK2005: "void __cdecl std::_Facet_Register(class std::_Facet_base *)" (?_Facet_Register@std@@YAXPEAV_Facet_base@1@@Z) already defined in msvcprt.lib(locale0_implib.obj) [D:\code\lua\gods\build\gods_native.vcxproj]
  libcpmt.lib(locale0.obj) : error LNK2005: "private: static class std::locale::_Locimp * __cdecl std::locale::_Getgloballocale(void)" (?_Getgloballocale@locale@std@@CAPEAV_Locimp@12@XZ) already defined in msvcprt.lib(MSVCP140.dll) [D:\code\lua\gods\build\gods_native.vcxproj]
  libcpmt.lib(locale0.obj) : error LNK2005: "private: static class std::locale::_Locimp * __cdecl std::locale::_Init(bool)" (?_Init@locale@std@@CAPEAV_Locimp@12@_N@Z) already defined in msvcprt.lib(MSVCP140.dll) [D:\code\lua\gods\build\gods_native.vcxproj]
  libcpmt.lib(locale0.obj) : error LNK2005: "public: static void __cdecl std::_Locinfo::_Locinfo_ctor(class std::_Locinfo *,char const *)" (?_Locinfo_ctor@_Locinfo@std@@SAXPEAV12@PEBD@Z) already defined in msvcprt.lib(MSVCP140.dll) [D:\code\lua\gods\build\gods_native.vcxproj]
  libcpmt.lib(locale0.obj) : error LNK2005: "public: static void __cdecl std::_Locinfo::_Locinfo_dtor(class std::_Locinfo *)" (?_Locinfo_dtor@_Locinfo@std@@SAXPEAV12@@Z) already defined in msvcprt.lib(MSVCP140.dll) [D:\code\lua\gods\build\gods_native.vcxproj]
  libcpmt.lib(cout.obj) : error LNK2038: mismatch detected for 'RuntimeLibrary': value 'MT_StaticRelease' doesn't match value 'MD_DynamicRelease' in gods_engine.obj [D:\code\lua\gods\build\gods_native.vcxproj]
  libcpmt.lib(cout.obj) : error LNK2005: "protected: __cdecl std::basic_ios<char,struct std::char_traits<char> >::basic_ios<char,struct std::char_traits<char> >(void)" (??0?$basic_ios@DU?$char_traits@D@std@@@std@@IEAA@XZ) already defined in msvcprt.lib(MSVCP140.dll) [D:\code\lua\gods\build\gods_native.vcxproj]
  libcpmt.lib(cout.obj) : error LNK2005: "public: __cdecl std::basic_ostream<char,struct std::char_traits<char> >::basic_ostream<char,struct std::char_traits<char> >(class std::basic_streambuf<char,struct std::char_traits<char> > *,bool)" (??0?$basic_ostream@DU?$char_traits@D@std@@@std@@QEAA@PEAV?$basic_streambuf@DU?$char_traits@D@std@@@1@_N@Z) already defined in msvcprt.lib(MSVCP140.dll) [D:\code\lua\gods\build\gods_native.vcxproj]
  libcpmt.lib(cout.obj) : error LNK2005: "protected: __cdecl std::basic_streambuf<char,struct std::char_traits<char> >::basic_streambuf<char,struct std::char_traits<char> >(void)" (??0?$basic_streambuf@DU?$char_traits@D@std@@@std@@IEAA@XZ) already defined in msvcprt.lib(MSVCP140.dll) [D:\code\lua\gods\build\gods_native.vcxproj]
  libcpmt.lib(cout.obj) : error LNK2005: "public: static unsigned __int64 __cdecl std::codecvt<char,char,struct _Mbstatet>::_Getcat(class std::locale::facet const * *,class std::locale const *)" (?_Getcat@?$codecvt@DDU_Mbstatet@@@std@@SA_KPEAPEBVfacet@locale@2@PEBV42@@Z) already defined in msvcprt.lib(MSVCP140.dll) [D:\code\lua\gods\build\gods_native.vcxproj]
  libcpmt.lib(cout.obj) : error LNK2005: "protected: __int64 __cdecl std::basic_streambuf<char,struct std::char_traits<char> >::_Gnavail(void)const " (?_Gnavail@?$basic_streambuf@DU?$char_traits@D@std@@@std@@IEBA_JXZ) already defined in msvcprt.lib(MSVCP140.dll) [D:\code\lua\gods\build\gods_native.vcxproj]
  libcpmt.lib(cout.obj) : error LNK2005: "protected: char * __cdecl std::basic_streambuf<char,struct std::char_traits<char> >::_Gndec(void)" (?_Gndec@?$basic_streambuf@DU?$char_traits@D@std@@@std@@IEAAPEADXZ) already defined in msvcprt.lib(MSVCP140.dll) [D:\code\lua\gods\build\gods_native.vcxproj]
  libcpmt.lib(cout.obj) : error LNK2005: "protected: char * __cdecl std::basic_streambuf<char,struct std::char_traits<char> >::_Gninc(void)" (?_Gninc@?$basic_streambuf@DU?$char_traits@D@std@@@std@@IEAAPEADXZ) already defined in msvcprt.lib(MSVCP140.dll) [D:\code\lua\gods\build\gods_native.vcxproj]
  libcpmt.lib(cout.obj) : error LNK2005: "protected: void __cdecl std::basic_streambuf<char,struct std::char_traits<char> >::_Init(char * *,char * *,int *,char * *,char * *,int *)" (?_Init@?$basic_streambuf@DU?$char_traits@D@std@@@std@@IEAAXPEAPEAD0PEAH001@Z) already defined in msvcprt.lib(MSVCP140.dll) [D:\code\lua\gods\build\gods_native.vcxproj]
  libcpmt.lib(cout.obj) : error LNK2005: "protected: void __cdecl std::basic_streambuf<char,struct std::char_traits<char> >::_Init(void)" (?_Init@?$basic_streambuf@DU?$char_traits@D@std@@@std@@IEAAXXZ) already defined in msvcprt.lib(MSVCP140.dll) [D:\code\lua\gods\build\gods_native.vcxproj]
  libcpmt.lib(cout.obj) : error LNK2005: "protected: __int64 __cdecl std::basic_streambuf<char,struct std::char_traits<char> >::_Pnavail(void)const " (?_Pnavail@?$basic_streambuf@DU?$char_traits@D@std@@@std@@IEBA_JXZ) already defined in msvcprt.lib(MSVCP140.dll) [D:\code\lua\gods\build\gods_native.vcxproj]
  libcpmt.lib(cout.obj) : error LNK2005: "protected: char * __cdecl std::basic_streambuf<char,struct std::char_traits<char> >::_Pninc(void)" (?_Pninc@?$basic_streambuf@DU?$char_traits@D@std@@@std@@IEAAPEADXZ) already defined in msvcprt.lib(MSVCP140.dll) [D:\code\lua\gods\build\gods_native.vcxproj]
  libcpmt.lib(cout.obj) : error LNK2005: "public: bool __cdecl std::codecvt_base::always_noconv(void)const " (?always_noconv@codecvt_base@std@@QEBA_NXZ) already defined in msvcprt.lib(MSVCP140.dll) [D:\code\lua\gods\build\gods_native.vcxproj]
  libcpmt.lib(cout.obj) : error LNK2005: "protected: char * __cdecl std::basic_streambuf<char,struct std::char_traits<char> >::eback(void)const " (?eback@?$basic_streambuf@DU?$char_traits@D@std@@@std@@IEBAPEADXZ) already defined in msvcprt.lib(MSVCP140.dll) [D:\code\lua\gods\build\gods_native.vcxproj]
  libcpmt.lib(cout.obj) : error LNK2005: "protected: char * __cdecl std::basic_streambuf<char,struct std::char_traits<char> >::egptr(void)const " (?egptr@?$basic_streambuf@DU?$char_traits@D@std@@@std@@IEBAPEADXZ) already defined in msvcprt.lib(MSVCP140.dll) [D:\code\lua\gods\build\gods_native.vcxproj]
  libcpmt.lib(cout.obj) : error LNK2005: "protected: char * __cdecl std::basic_streambuf<char,struct std::char_traits<char> >::epptr(void)const " (?epptr@?$basic_streambuf@DU?$char_traits@D@std@@@std@@IEBAPEADXZ) already defined in msvcprt.lib(MSVCP140.dll) [D:\code\lua\gods\build\gods_native.vcxproj]
  libcpmt.lib(cout.obj) : error LNK2005: "protected: void __cdecl std::basic_streambuf<char,struct std::char_traits<char> >::gbump(int)" (?gbump@?$basic_streambuf@DU?$char_traits@D@std@@@std@@IEAAXH@Z) already defined in msvcprt.lib(MSVCP140.dll) [D:\code\lua\gods\build\gods_native.vcxproj]
  libcpmt.lib(cout.obj) : error LNK2005: "protected: char * __cdecl std::basic_streambuf<char,struct std::char_traits<char> >::gptr(void)const " (?gptr@?$basic_streambuf@DU?$char_traits@D@std@@@std@@IEBAPEADXZ) already defined in msvcprt.lib(MSVCP140.dll) [D:\code\lua\gods\build\gods_native.vcxproj]
  libcpmt.lib(cout.obj) : error LNK2005: "public: int __cdecl std::codecvt<char,char,struct _Mbstatet>::in(struct _Mbstatet &,char const *,char const *,char const * &,char *,char *,char * &)const " (?in@?$codecvt@DDU_Mbstatet@@@std@@QEBAHAEAU_Mbstatet@@PEBD1AEAPEBDPEAD3AEAPEAD@Z) already defined in msvcprt.lib(MSVCP140.dll) [D:\code\lua\gods\build\gods_native.vcxproj]
  libcpmt.lib(cout.obj) : error LNK2005: "public: int __cdecl std::codecvt<char,char,struct _Mbstatet>::out(struct _Mbstatet &,char const *,char const *,char const * &,char *,char *,char * &)const " (?out@?$codecvt@DDU_Mbstatet@@@std@@QEBAHAEAU_Mbstatet@@PEBD1AEAPEBDPEAD3AEAPEAD@Z) already defined in msvcprt.lib(MSVCP140.dll) [D:\code\lua\gods\build\gods_native.vcxproj]
  libcpmt.lib(cout.obj) : error LNK2005: "protected: void __cdecl std::basic_streambuf<char,struct std::char_traits<char> >::pbump(int)" (?pbump@?$basic_streambuf@DU?$char_traits@D@std@@@std@@IEAAXH@Z) already defined in msvcprt.lib(MSVCP140.dll) [D:\code\lua\gods\build\gods_native.vcxproj]
  libcpmt.lib(cout.obj) : error LNK2005: "protected: char * __cdecl std::basic_streambuf<char,struct std::char_traits<char> >::pptr(void)const " (?pptr@?$basic_streambuf@DU?$char_traits@D@std@@@std@@IEBAPEADXZ) already defined in msvcprt.lib(MSVCP140.dll) [D:\code\lua\gods\build\gods_native.vcxproj]
  libcpmt.lib(cout.obj) : error LNK2005: "protected: void __cdecl std::basic_streambuf<char,struct std::char_traits<char> >::setg(char *,char *,char *)" (?setg@?$basic_streambuf@DU?$char_traits@D@std@@@std@@IEAAXPEAD00@Z) already defined in msvcprt.lib(MSVCP140.dll) [D:\code\lua\gods\build\gods_native.vcxproj]
  libcpmt.lib(cout.obj) : error LNK2005: "protected: void __cdecl std::basic_streambuf<char,struct std::char_traits<char> >::setp(char *,char *)" (?setp@?$basic_streambuf@DU?$char_traits@D@std@@@std@@IEAAXPEAD0@Z) already defined in msvcprt.lib(MSVCP140.dll) [D:\code\lua\gods\build\gods_native.vcxproj]
  libcpmt.lib(cout.obj) : error LNK2005: "public: void __cdecl std::basic_ios<char,struct std::char_traits<char> >::setstate(int,bool)" (?setstate@?$basic_ios@DU?$char_traits@D@std@@@std@@QEAAXH_N@Z) already defined in msvcprt.lib(MSVCP140.dll) [D:\code\lua\gods\build\gods_native.vcxproj]
  libcpmt.lib(cout.obj) : error LNK2005: "public: int __cdecl std::codecvt<char,char,struct _Mbstatet>::unshift(struct _Mbstatet &,char *,char *,char * &)const " (?unshift@?$codecvt@DDU_Mbstatet@@@std@@QEBAHAEAU_Mbstatet@@PEAD1AEAPEAD@Z) already defined in msvcprt.lib(MSVCP140.dll) [D:\code\lua\gods\build\gods_native.vcxproj]
  libcpmt.lib(cout.obj) : error LNK2005: "public: char __cdecl std::basic_ios<char,struct std::char_traits<char> >::widen(char)const " (?widen@?$basic_ios@DU?$char_traits@D@std@@@std@@QEBADD@Z) already defined in msvcprt.lib(MSVCP140.dll) [D:\code\lua\gods\build\gods_native.vcxproj]
  libcpmt.lib(cerr.obj) : error LNK2038: mismatch detected for 'RuntimeLibrary': value 'MT_StaticRelease' doesn't match value 'MD_DynamicRelease' in gods_engine.obj [D:\code\lua\gods\build\gods_native.vcxproj]
  libcpmt.lib(cerr.obj) : error LNK2005: "protected: __cdecl std::basic_ios<char,struct std::char_traits<char> >::basic_ios<char,struct std::char_traits<char> >(void)" (??0?$basic_ios@DU?$char_traits@D@std@@@std@@IEAA@XZ) already defined in msvcprt.lib(MSVCP140.dll) [D:\code\lua\gods\build\gods_native.vcxproj]
  libcpmt.lib(cerr.obj) : error LNK2005: "public: __cdecl std::basic_ostream<char,struct std::char_traits<char> >::basic_ostream<char,struct std::char_traits<char> >(class std::basic_streambuf<char,struct std::char_traits<char> > *,bool)" (??0?$basic_ostream@DU?$char_traits@D@std@@@std@@QEAA@PEAV?$basic_streambuf@DU?$char_traits@D@std@@@1@_N@Z) already defined in msvcprt.lib(MSVCP140.dll) [D:\code\lua\gods\build\gods_native.vcxproj]
  libcpmt.lib(cerr.obj) : error LNK2005: "protected: __cdecl std::basic_streambuf<char,struct std::char_traits<char> >::basic_streambuf<char,struct std::char_traits<char> >(void)" (??0?$basic_streambuf@DU?$char_traits@D@std@@@std@@IEAA@XZ) already defined in msvcprt.lib(MSVCP140.dll) [D:\code\lua\gods\build\gods_native.vcxproj]
  libcpmt.lib(cerr.obj) : error LNK2005: "public: static unsigned __int64 __cdecl std::codecvt<char,char,struct _Mbstatet>::_Getcat(class std::locale::facet const * *,class std::locale const *)" (?_Getcat@?$codecvt@DDU_Mbstatet@@@std@@SA_KPEAPEBVfacet@locale@2@PEBV42@@Z) already defined in msvcprt.lib(MSVCP140.dll) [D:\code\lua\gods\build\gods_native.vcxproj]
  libcpmt.lib(cerr.obj) : error LNK2005: "protected: __int64 __cdecl std::basic_streambuf<char,struct std::char_traits<char> >::_Gnavail(void)const " (?_Gnavail@?$basic_streambuf@DU?$char_traits@D@std@@@std@@IEBA_JXZ) already defined in msvcprt.lib(MSVCP140.dll) [D:\code\lua\gods\build\gods_native.vcxproj]
  libcpmt.lib(cerr.obj) : error LNK2005: "protected: char * __cdecl std::basic_streambuf<char,struct std::char_traits<char> >::_Gndec(void)" (?_Gndec@?$basic_streambuf@DU?$char_traits@D@std@@@std@@IEAAPEADXZ) already defined in msvcprt.lib(MSVCP140.dll) [D:\code\lua\gods\build\gods_native.vcxproj]
  libcpmt.lib(cerr.obj) : error LNK2005: "protected: char * __cdecl std::basic_streambuf<char,struct std::char_traits<char> >::_Gninc(void)" (?_Gninc@?$basic_streambuf@DU?$char_traits@D@std@@@std@@IEAAPEADXZ) already defined in msvcprt.lib(MSVCP140.dll) [D:\code\lua\gods\build\gods_native.vcxproj]
  libcpmt.lib(cerr.obj) : error LNK2005: "protected: void __cdecl std::basic_streambuf<char,struct std::char_traits<char> >::_Init(char * *,char * *,int *,char * *,char * *,int *)" (?_Init@?$basic_streambuf@DU?$char_traits@D@std@@@std@@IEAAXPEAPEAD0PEAH001@Z) already defined in msvcprt.lib(MSVCP140.dll) [D:\code\lua\gods\build\gods_native.vcxproj]
  libcpmt.lib(cerr.obj) : error LNK2005: "protected: void __cdecl std::basic_streambuf<char,struct std::char_traits<char> >::_Init(void)" (?_Init@?$basic_streambuf@DU?$char_traits@D@std@@@std@@IEAAXXZ) already defined in msvcprt.lib(MSVCP140.dll) [D:\code\lua\gods\build\gods_native.vcxproj]
  libcpmt.lib(cerr.obj) : error LNK2005: "protected: __int64 __cdecl std::basic_streambuf<char,struct std::char_traits<char> >::_Pnavail(void)const " (?_Pnavail@?$basic_streambuf@DU?$char_traits@D@std@@@std@@IEBA_JXZ) already defined in msvcprt.lib(MSVCP140.dll) [D:\code\lua\gods\build\gods_native.vcxproj]
  libcpmt.lib(cerr.obj) : error LNK2005: "protected: char * __cdecl std::basic_streambuf<char,struct std::char_traits<char> >::_Pninc(void)" (?_Pninc@?$basic_streambuf@DU?$char_traits@D@std@@@std@@IEAAPEADXZ) already defined in msvcprt.lib(MSVCP140.dll) [D:\code\lua\gods\build\gods_native.vcxproj]
  libcpmt.lib(cerr.obj) : error LNK2005: "public: bool __cdecl std::codecvt_base::always_noconv(void)const " (?always_noconv@codecvt_base@std@@QEBA_NXZ) already defined in msvcprt.lib(MSVCP140.dll) [D:\code\lua\gods\build\gods_native.vcxproj]
  libcpmt.lib(cerr.obj) : error LNK2005: "protected: char * __cdecl std::basic_streambuf<char,struct std::char_traits<char> >::eback(void)const " (?eback@?$basic_streambuf@DU?$char_traits@D@std@@@std@@IEBAPEADXZ) already defined in msvcprt.lib(MSVCP140.dll) [D:\code\lua\gods\build\gods_native.vcxproj]
  libcpmt.lib(cerr.obj) : error LNK2005: "protected: char * __cdecl std::basic_streambuf<char,struct std::char_traits<char> >::egptr(void)const " (?egptr@?$basic_streambuf@DU?$char_traits@D@std@@@std@@IEBAPEADXZ) already defined in msvcprt.lib(MSVCP140.dll) [D:\code\lua\gods\build\gods_native.vcxproj]
  libcpmt.lib(cerr.obj) : error LNK2005: "protected: char * __cdecl std::basic_streambuf<char,struct std::char_traits<char> >::epptr(void)const " (?epptr@?$basic_streambuf@DU?$char_traits@D@std@@@std@@IEBAPEADXZ) already defined in msvcprt.lib(MSVCP140.dll) [D:\code\lua\gods\build\gods_native.vcxproj]
  libcpmt.lib(cerr.obj) : error LNK2005: "protected: void __cdecl std::basic_streambuf<char,struct std::char_traits<char> >::gbump(int)" (?gbump@?$basic_streambuf@DU?$char_traits@D@std@@@std@@IEAAXH@Z) already defined in msvcprt.lib(MSVCP140.dll) [D:\code\lua\gods\build\gods_native.vcxproj]
  libcpmt.lib(cerr.obj) : error LNK2005: "protected: char * __cdecl std::basic_streambuf<char,struct std::char_traits<char> >::gptr(void)const " (?gptr@?$basic_streambuf@DU?$char_traits@D@std@@@std@@IEBAPEADXZ) already defined in msvcprt.lib(MSVCP140.dll) [D:\code\lua\gods\build\gods_native.vcxproj]
  libcpmt.lib(cerr.obj) : error LNK2005: "public: int __cdecl std::codecvt<char,char,struct _Mbstatet>::in(struct _Mbstatet &,char const *,char const *,char const * &,char *,char *,char * &)const " (?in@?$codecvt@DDU_Mbstatet@@@std@@QEBAHAEAU_Mbstatet@@PEBD1AEAPEBDPEAD3AEAPEAD@Z) already defined in msvcprt.lib(MSVCP140.dll) [D:\code\lua\gods\build\gods_native.vcxproj]
  libcpmt.lib(cerr.obj) : error LNK2005: "public: int __cdecl std::codecvt<char,char,struct _Mbstatet>::out(struct _Mbstatet &,char const *,char const *,char const * &,char *,char *,char * &)const " (?out@?$codecvt@DDU_Mbstatet@@@std@@QEBAHAEAU_Mbstatet@@PEBD1AEAPEBDPEAD3AEAPEAD@Z) already defined in msvcprt.lib(MSVCP140.dll) [D:\code\lua\gods\build\gods_native.vcxproj]
  libcpmt.lib(cerr.obj) : error LNK2005: "protected: void __cdecl std::basic_streambuf<char,struct std::char_traits<char> >::pbump(int)" (?pbump@?$basic_streambuf@DU?$char_traits@D@std@@@std@@IEAAXH@Z) already defined in msvcprt.lib(MSVCP140.dll) [D:\code\lua\gods\build\gods_native.vcxproj]
  libcpmt.lib(cerr.obj) : error LNK2005: "protected: char * __cdecl std::basic_streambuf<char,struct std::char_traits<char> >::pptr(void)const " (?pptr@?$basic_streambuf@DU?$char_traits@D@std@@@std@@IEBAPEADXZ) already defined in msvcprt.lib(MSVCP140.dll) [D:\code\lua\gods\build\gods_native.vcxproj]
  libcpmt.lib(cerr.obj) : error LNK2005: "protected: void __cdecl std::basic_streambuf<char,struct std::char_traits<char> >::setg(char *,char *,char *)" (?setg@?$basic_streambuf@DU?$char_traits@D@std@@@std@@IEAAXPEAD00@Z) already defined in msvcprt.lib(MSVCP140.dll) [D:\code\lua\gods\build\gods_native.vcxproj]
  libcpmt.lib(cerr.obj) : error LNK2005: "protected: void __cdecl std::basic_streambuf<char,struct std::char_traits<char> >::setp(char *,char *)" (?setp@?$basic_streambuf@DU?$char_traits@D@std@@@std@@IEAAXPEAD0@Z) already defined in msvcprt.lib(MSVCP140.dll) [D:\code\lua\gods\build\gods_native.vcxproj]
  libcpmt.lib(cerr.obj) : error LNK2005: "public: void __cdecl std::basic_ios<char,struct std::char_traits<char> >::setstate(int,bool)" (?setstate@?$basic_ios@DU?$char_traits@D@std@@@std@@QEAAXH_N@Z) already defined in msvcprt.lib(MSVCP140.dll) [D:\code\lua\gods\build\gods_native.vcxproj]
  libcpmt.lib(cerr.obj) : error LNK2005: "public: int __cdecl std::codecvt<char,char,struct _Mbstatet>::unshift(struct _Mbstatet &,char *,char *,char * &)const " (?unshift@?$codecvt@DDU_Mbstatet@@@std@@QEBAHAEAU_Mbstatet@@PEAD1AEAPEAD@Z) already defined in msvcprt.lib(MSVCP140.dll) [D:\code\lua\gods\build\gods_native.vcxproj]
  libcpmt.lib(cerr.obj) : error LNK2005: "public: char __cdecl std::basic_ios<char,struct std::char_traits<char> >::widen(char)const " (?widen@?$basic_ios@DU?$char_traits@D@std@@@std@@QEBADD@Z) already defined in msvcprt.lib(MSVCP140.dll) [D:\code\lua\gods\build\gods_native.vcxproj]
  libcpmt.lib(clog.obj) : error LNK2038: mismatch detected for 'RuntimeLibrary': value 'MT_StaticRelease' doesn't match value 'MD_DynamicRelease' in gods_engine.obj [D:\code\lua\gods\build\gods_native.vcxproj]
  libcpmt.lib(clog.obj) : error LNK2005: "protected: __cdecl std::basic_ios<char,struct std::char_traits<char> >::basic_ios<char,struct std::char_traits<char> >(void)" (??0?$basic_ios@DU?$char_traits@D@std@@@std@@IEAA@XZ) already defined in msvcprt.lib(MSVCP140.dll) [D:\code\lua\gods\build\gods_native.vcxproj]
  libcpmt.lib(clog.obj) : error LNK2005: "public: __cdecl std::basic_ostream<char,struct std::char_traits<char> >::basic_ostream<char,struct std::char_traits<char> >(class std::basic_streambuf<char,struct std::char_traits<char> > *,bool)" (??0?$basic_ostream@DU?$char_traits@D@std@@@std@@QEAA@PEAV?$basic_streambuf@DU?$char_traits@D@std@@@1@_N@Z) already defined in msvcprt.lib(MSVCP140.dll) [D:\code\lua\gods\build\gods_native.vcxproj]
  libcpmt.lib(clog.obj) : error LNK2005: "protected: __cdecl std::basic_streambuf<char,struct std::char_traits<char> >::basic_streambuf<char,struct std::char_traits<char> >(void)" (??0?$basic_streambuf@DU?$char_traits@D@std@@@std@@IEAA@XZ) already defined in msvcprt.lib(MSVCP140.dll) [D:\code\lua\gods\build\gods_native.vcxproj]
  libcpmt.lib(clog.obj) : error LNK2005: "public: static unsigned __int64 __cdecl std::codecvt<char,char,struct _Mbstatet>::_Getcat(class std::locale::facet const * *,class std::locale const *)" (?_Getcat@?$codecvt@DDU_Mbstatet@@@std@@SA_KPEAPEBVfacet@locale@2@PEBV42@@Z) already defined in msvcprt.lib(MSVCP140.dll) [D:\code\lua\gods\build\gods_native.vcxproj]
  libcpmt.lib(clog.obj) : error LNK2005: "protected: __int64 __cdecl std::basic_streambuf<char,struct std::char_traits<char> >::_Gnavail(void)const " (?_Gnavail@?$basic_streambuf@DU?$char_traits@D@std@@@std@@IEBA_JXZ) already defined in msvcprt.lib(MSVCP140.dll) [D:\code\lua\gods\build\gods_native.vcxproj]
  libcpmt.lib(clog.obj) : error LNK2005: "protected: char * __cdecl std::basic_streambuf<char,struct std::char_traits<char> >::_Gndec(void)" (?_Gndec@?$basic_streambuf@DU?$char_traits@D@std@@@std@@IEAAPEADXZ) already defined in msvcprt.lib(MSVCP140.dll) [D:\code\lua\gods\build\gods_native.vcxproj]
  libcpmt.lib(clog.obj) : error LNK2005: "protected: char * __cdecl std::basic_streambuf<char,struct std::char_traits<char> >::_Gninc(void)" (?_Gninc@?$basic_streambuf@DU?$char_traits@D@std@@@std@@IEAAPEADXZ) already defined in msvcprt.lib(MSVCP140.dll) [D:\code\lua\gods\build\gods_native.vcxproj]
  libcpmt.lib(clog.obj) : error LNK2005: "protected: void __cdecl std::basic_streambuf<char,struct std::char_traits<char> >::_Init(char * *,char * *,int *,char * *,char * *,int *)" (?_Init@?$basic_streambuf@DU?$char_traits@D@std@@@std@@IEAAXPEAPEAD0PEAH001@Z) already defined in msvcprt.lib(MSVCP140.dll) [D:\code\lua\gods\build\gods_native.vcxproj]
  libcpmt.lib(clog.obj) : error LNK2005: "protected: void __cdecl std::basic_streambuf<char,struct std::char_traits<char> >::_Init(void)" (?_Init@?$basic_streambuf@DU?$char_traits@D@std@@@std@@IEAAXXZ) already defined in msvcprt.lib(MSVCP140.dll) [D:\code\lua\gods\build\gods_native.vcxproj]
  libcpmt.lib(clog.obj) : error LNK2005: "protected: __int64 __cdecl std::basic_streambuf<char,struct std::char_traits<char> >::_Pnavail(void)const " (?_Pnavail@?$basic_streambuf@DU?$char_traits@D@std@@@std@@IEBA_JXZ) already defined in msvcprt.lib(MSVCP140.dll) [D:\code\lua\gods\build\gods_native.vcxproj]
  libcpmt.lib(clog.obj) : error LNK2005: "protected: char * __cdecl std::basic_streambuf<char,struct std::char_traits<char> >::_Pninc(void)" (?_Pninc@?$basic_streambuf@DU?$char_traits@D@std@@@std@@IEAAPEADXZ) already defined in msvcprt.lib(MSVCP140.dll) [D:\code\lua\gods\build\gods_native.vcxproj]
  libcpmt.lib(clog.obj) : error LNK2005: "public: bool __cdecl std::codecvt_base::always_noconv(void)const " (?always_noconv@codecvt_base@std@@QEBA_NXZ) already defined in msvcprt.lib(MSVCP140.dll) [D:\code\lua\gods\build\gods_native.vcxproj]
  libcpmt.lib(clog.obj) : error LNK2005: "protected: char * __cdecl std::basic_streambuf<char,struct std::char_traits<char> >::eback(void)const " (?eback@?$basic_streambuf@DU?$char_traits@D@std@@@std@@IEBAPEADXZ) already defined in msvcprt.lib(MSVCP140.dll) [D:\code\lua\gods\build\gods_native.vcxproj]
  libcpmt.lib(clog.obj) : error LNK2005: "protected: char * __cdecl std::basic_streambuf<char,struct std::char_traits<char> >::egptr(void)const " (?egptr@?$basic_streambuf@DU?$char_traits@D@std@@@std@@IEBAPEADXZ) already defined in msvcprt.lib(MSVCP140.dll) [D:\code\lua\gods\build\gods_native.vcxproj]
  libcpmt.lib(clog.obj) : error LNK2005: "protected: char * __cdecl std::basic_streambuf<char,struct std::char_traits<char> >::epptr(void)const " (?epptr@?$basic_streambuf@DU?$char_traits@D@std@@@std@@IEBAPEADXZ) already defined in msvcprt.lib(MSVCP140.dll) [D:\code\lua\gods\build\gods_native.vcxproj]
  libcpmt.lib(clog.obj) : error LNK2005: "protected: void __cdecl std::basic_streambuf<char,struct std::char_traits<char> >::gbump(int)" (?gbump@?$basic_streambuf@DU?$char_traits@D@std@@@std@@IEAAXH@Z) already defined in msvcprt.lib(MSVCP140.dll) [D:\code\lua\gods\build\gods_native.vcxproj]
  libcpmt.lib(clog.obj) : error LNK2005: "protected: char * __cdecl std::basic_streambuf<char,struct std::char_traits<char> >::gptr(void)const " (?gptr@?$basic_streambuf@DU?$char_traits@D@std@@@std@@IEBAPEADXZ) already defined in msvcprt.lib(MSVCP140.dll) [D:\code\lua\gods\build\gods_native.vcxproj]
  libcpmt.lib(clog.obj) : error LNK2005: "public: int __cdecl std::codecvt<char,char,struct _Mbstatet>::in(struct _Mbstatet &,char const *,char const *,char const * &,char *,char *,char * &)const " (?in@?$codecvt@DDU_Mbstatet@@@std@@QEBAHAEAU_Mbstatet@@PEBD1AEAPEBDPEAD3AEAPEAD@Z) already defined in msvcprt.lib(MSVCP140.dll) [D:\code\lua\gods\build\gods_native.vcxproj]
  libcpmt.lib(clog.obj) : error LNK2005: "public: int __cdecl std::codecvt<char,char,struct _Mbstatet>::out(struct _Mbstatet &,char const *,char const *,char const * &,char *,char *,char * &)const " (?out@?$codecvt@DDU_Mbstatet@@@std@@QEBAHAEAU_Mbstatet@@PEBD1AEAPEBDPEAD3AEAPEAD@Z) already defined in msvcprt.lib(MSVCP140.dll) [D:\code\lua\gods\build\gods_native.vcxproj]
  libcpmt.lib(clog.obj) : error LNK2005: "protected: void __cdecl std::basic_streambuf<char,struct std::char_traits<char> >::pbump(int)" (?pbump@?$basic_streambuf@DU?$char_traits@D@std@@@std@@IEAAXH@Z) already defined in msvcprt.lib(MSVCP140.dll) [D:\code\lua\gods\build\gods_native.vcxproj]
  libcpmt.lib(clog.obj) : error LNK2005: "protected: char * __cdecl std::basic_streambuf<char,struct std::char_traits<char> >::pptr(void)const " (?pptr@?$basic_streambuf@DU?$char_traits@D@std@@@std@@IEBAPEADXZ) already defined in msvcprt.lib(MSVCP140.dll) [D:\code\lua\gods\build\gods_native.vcxproj]
  libcpmt.lib(clog.obj) : error LNK2005: "protected: void __cdecl std::basic_streambuf<char,struct std::char_traits<char> >::setg(char *,char *,char *)" (?setg@?$basic_streambuf@DU?$char_traits@D@std@@@std@@IEAAXPEAD00@Z) already defined in msvcprt.lib(MSVCP140.dll) [D:\code\lua\gods\build\gods_native.vcxproj]
  libcpmt.lib(clog.obj) : error LNK2005: "protected: void __cdecl std::basic_streambuf<char,struct std::char_traits<char> >::setp(char *,char *)" (?setp@?$basic_streambuf@DU?$char_traits@D@std@@@std@@IEAAXPEAD0@Z) already defined in msvcprt.lib(MSVCP140.dll) [D:\code\lua\gods\build\gods_native.vcxproj]
  libcpmt.lib(clog.obj) : error LNK2005: "public: void __cdecl std::basic_ios<char,struct std::char_traits<char> >::setstate(int,bool)" (?setstate@?$basic_ios@DU?$char_traits@D@std@@@std@@QEAAXH_N@Z) already defined in msvcprt.lib(MSVCP140.dll) [D:\code\lua\gods\build\gods_native.vcxproj]
  libcpmt.lib(clog.obj) : error LNK2005: "public: int __cdecl std::codecvt<char,char,struct _Mbstatet>::unshift(struct _Mbstatet &,char *,char *,char * &)const " (?unshift@?$codecvt@DDU_Mbstatet@@@std@@QEBAHAEAU_Mbstatet@@PEAD1AEAPEAD@Z) already defined in msvcprt.lib(MSVCP140.dll) [D:\code\lua\gods\build\gods_native.vcxproj]
  libcpmt.lib(clog.obj) : error LNK2005: "public: char __cdecl std::basic_ios<char,struct std::char_traits<char> >::widen(char)const " (?widen@?$basic_ios@DU?$char_traits@D@std@@@std@@QEBADD@Z) already defined in msvcprt.lib(MSVCP140.dll) [D:\code\lua\gods\build\gods_native.vcxproj]
  libcpmt.lib(locale.obj) : error LNK2038: mismatch detected for 'RuntimeLibrary': value 'MT_StaticRelease' doesn't match value 'MD_DynamicRelease' in gods_engine.obj [D:\code\lua\gods\build\gods_native.vcxproj]
  libcpmt.lib(locale.obj) : error LNK2005: "public: static unsigned __int64 __cdecl std::codecvt<char,char,struct _Mbstatet>::_Getcat(class std::locale::facet const * *,class std::locale const *)" (?_Getcat@?$codecvt@DDU_Mbstatet@@@std@@SA_KPEAPEBVfacet@locale@2@PEBV42@@Z) already defined in msvcprt.lib(MSVCP140.dll) [D:\code\lua\gods\build\gods_native.vcxproj]
  libcpmt.lib(locale.obj) : error LNK2005: "public: struct _Cvtvec __cdecl std::_Locinfo::_Getcvt(void)const " (?_Getcvt@_Locinfo@std@@QEBA?AU_Cvtvec@@XZ) already defined in msvcprt.lib(MSVCP140.dll) [D:\code\lua\gods\build\gods_native.vcxproj]
  libcpmt.lib(locale.obj) : error LNK2005: "protected: __int64 __cdecl std::basic_streambuf<char,struct std::char_traits<char> >::_Gnavail(void)const " (?_Gnavail@?$basic_streambuf@DU?$char_traits@D@std@@@std@@IEBA_JXZ) already defined in msvcprt.lib(MSVCP140.dll) [D:\code\lua\gods\build\gods_native.vcxproj]
  libcpmt.lib(locale.obj) : error LNK2005: "protected: char * __cdecl std::basic_streambuf<char,struct std::char_traits<char> >::_Gninc(void)" (?_Gninc@?$basic_streambuf@DU?$char_traits@D@std@@@std@@IEAAPEADXZ) already defined in msvcprt.lib(MSVCP140.dll) [D:\code\lua\gods\build\gods_native.vcxproj]
  libcpmt.lib(locale.obj) : error LNK2005: "protected: __int64 __cdecl std::basic_streambuf<char,struct std::char_traits<char> >::_Pnavail(void)const " (?_Pnavail@?$basic_streambuf@DU?$char_traits@D@std@@@std@@IEBA_JXZ) already defined in msvcprt.lib(MSVCP140.dll) [D:\code\lua\gods\build\gods_native.vcxproj]
  libcpmt.lib(locale.obj) : error LNK2005: "protected: char * __cdecl std::basic_streambuf<char,struct std::char_traits<char> >::_Pninc(void)" (?_Pninc@?$basic_streambuf@DU?$char_traits@D@std@@@std@@IEAAPEADXZ) already defined in msvcprt.lib(MSVCP140.dll) [D:\code\lua\gods\build\gods_native.vcxproj]
  libcpmt.lib(locale.obj) : error LNK2005: "public: int __cdecl std::ios_base::flags(void)const " (?flags@ios_base@std@@QEBAHXZ) already defined in msvcprt.lib(MSVCP140.dll) [D:\code\lua\gods\build\gods_native.vcxproj]
  libcpmt.lib(locale.obj) : error LNK2005: "protected: char * __cdecl std::basic_streambuf<char,struct std::char_traits<char> >::gptr(void)const " (?gptr@?$basic_streambuf@DU?$char_traits@D@std@@@std@@IEBAPEADXZ) already defined in msvcprt.lib(MSVCP140.dll) [D:\code\lua\gods\build\gods_native.vcxproj]
  libcpmt.lib(locale.obj) : error LNK2005: "public: int __cdecl std::basic_streambuf<char,struct std::char_traits<char> >::sputc(char)" (?sputc@?$basic_streambuf@DU?$char_traits@D@std@@@std@@QEAAHD@Z) already defined in msvcprt.lib(MSVCP140.dll) [D:\code\lua\gods\build\gods_native.vcxproj]
  libcpmt.lib(locale.obj) : error LNK2005: "public: __int64 __cdecl std::ios_base::width(__int64)" (?width@ios_base@std@@QEAA_J_J@Z) already defined in msvcprt.lib(MSVCP140.dll) [D:\code\lua\gods\build\gods_native.vcxproj]
  libcpmt.lib(locale.obj) : error LNK2005: "public: __int64 __cdecl std::ios_base::width(void)const " (?width@ios_base@std@@QEBA_JXZ) already defined in msvcprt.lib(MSVCP140.dll) [D:\code\lua\gods\build\gods_native.vcxproj]
  libcpmt.lib(iosptrs.obj) : error LNK2038: mismatch detected for 'RuntimeLibrary': value 'MT_StaticRelease' doesn't match value 'MD_DynamicRelease' in gods_engine.obj [D:\code\lua\gods\build\gods_native.vcxproj]
  libcpmt.lib(xlock.obj) : error LNK2038: mismatch detected for 'RuntimeLibrary': value 'MT_StaticRelease' doesn't match value 'MD_DynamicRelease' in gods_engine.obj [D:\code\lua\gods\build\gods_native.vcxproj]
  libcpmt.lib(xlock.obj) : error LNK2005: "public: __cdecl std::_Lockit::_Lockit(int)" (??0_Lockit@std@@QEAA@H@Z) already defined in msvcprt.lib(MSVCP140.dll) [D:\code\lua\gods\build\gods_native.vcxproj]
  libcpmt.lib(xlock.obj) : error LNK2005: "public: __cdecl std::_Lockit::~_Lockit(void)" (??1_Lockit@std@@QEAA@XZ) already defined in msvcprt.lib(MSVCP140.dll) [D:\code\lua\gods\build\gods_native.vcxproj]
  libcpmt.lib(xwctomb.obj) : error LNK2038: mismatch detected for 'RuntimeLibrary': value 'MT_StaticRelease' doesn't match value 'MD_DynamicRelease' in gods_engine.obj [D:\code\lua\gods\build\gods_native.vcxproj]
  libcpmt.lib(wlocale.obj) : error LNK2038: mismatch detected for 'RuntimeLibrary': value 'MT_StaticRelease' doesn't match value 'MD_DynamicRelease' in gods_engine.obj [D:\code\lua\gods\build\gods_native.vcxproj]
  libcpmt.lib(wlocale.obj) : error LNK2005: "public: struct _Cvtvec __cdecl std::_Locinfo::_Getcvt(void)const " (?_Getcvt@_Locinfo@std@@QEBA?AU_Cvtvec@@XZ) already defined in msvcprt.lib(MSVCP140.dll) [D:\code\lua\gods\build\gods_native.vcxproj]
  libcpmt.lib(wlocale.obj) : error LNK2005: "public: unsigned short const * __cdecl std::_Locinfo::_W_Getdays(void)const " (?_W_Getdays@_Locinfo@std@@QEBAPEBGXZ) already defined in msvcprt.lib(MSVCP140.dll) [D:\code\lua\gods\build\gods_native.vcxproj]
  libcpmt.lib(wlocale.obj) : error LNK2005: "public: unsigned short const * __cdecl std::_Locinfo::_W_Getmonths(void)const " (?_W_Getmonths@_Locinfo@std@@QEBAPEBGXZ) already defined in msvcprt.lib(MSVCP140.dll) [D:\code\lua\gods\build\gods_native.vcxproj]
  libcpmt.lib(wlocale.obj) : error LNK2005: "public: int __cdecl std::ios_base::flags(void)const " (?flags@ios_base@std@@QEBAHXZ) already defined in msvcprt.lib(MSVCP140.dll) [D:\code\lua\gods\build\gods_native.vcxproj]
  libcpmt.lib(wlocale.obj) : error LNK2005: "public: __int64 __cdecl std::ios_base::width(__int64)" (?width@ios_base@std@@QEAA_J_J@Z) already defined in msvcprt.lib(MSVCP140.dll) [D:\code\lua\gods\build\gods_native.vcxproj]
  libcpmt.lib(wlocale.obj) : error LNK2005: "public: __int64 __cdecl std::ios_base::width(void)const " (?width@ios_base@std@@QEBA_JXZ) already defined in msvcprt.lib(MSVCP140.dll) [D:\code\lua\gods\build\gods_native.vcxproj]
  libcpmt.lib(xlocale.obj) : error LNK2038: mismatch detected for 'RuntimeLibrary': value 'MT_StaticRelease' doesn't match value 'MD_DynamicRelease' in gods_engine.obj [D:\code\lua\gods\build\gods_native.vcxproj]
  libcpmt.lib(xlocale.obj) : error LNK2005: "public: struct _Cvtvec __cdecl std::_Locinfo::_Getcvt(void)const " (?_Getcvt@_Locinfo@std@@QEBA?AU_Cvtvec@@XZ) already defined in msvcprt.lib(MSVCP140.dll) [D:\code\lua\gods\build\gods_native.vcxproj]
  libcpmt.lib(xlocale.obj) : error LNK2005: "protected: __int64 __cdecl std::basic_streambuf<char,struct std::char_traits<char> >::_Gnavail(void)const " (?_Gnavail@?$basic_streambuf@DU?$char_traits@D@std@@@std@@IEBA_JXZ) already defined in msvcprt.lib(MSVCP140.dll) [D:\code\lua\gods\build\gods_native.vcxproj]
  libcpmt.lib(xlocale.obj) : error LNK2005: "protected: char * __cdecl std::basic_streambuf<char,struct std::char_traits<char> >::_Gninc(void)" (?_Gninc@?$basic_streambuf@DU?$char_traits@D@std@@@std@@IEAAPEADXZ) already defined in msvcprt.lib(MSVCP140.dll) [D:\code\lua\gods\build\gods_native.vcxproj]
  libcpmt.lib(xlocale.obj) : error LNK2005: "protected: __int64 __cdecl std::basic_streambuf<char,struct std::char_traits<char> >::_Pnavail(void)const " (?_Pnavail@?$basic_streambuf@DU?$char_traits@D@std@@@std@@IEBA_JXZ) already defined in msvcprt.lib(MSVCP140.dll) [D:\code\lua\gods\build\gods_native.vcxproj]
  libcpmt.lib(xlocale.obj) : error LNK2005: "protected: char * __cdecl std::basic_streambuf<char,struct std::char_traits<char> >::_Pninc(void)" (?_Pninc@?$basic_streambuf@DU?$char_traits@D@std@@@std@@IEAAPEADXZ) already defined in msvcprt.lib(MSVCP140.dll) [D:\code\lua\gods\build\gods_native.vcxproj]
  libcpmt.lib(xlocale.obj) : error LNK2005: "public: int __cdecl std::ios_base::flags(void)const " (?flags@ios_base@std@@QEBAHXZ) already defined in msvcprt.lib(MSVCP140.dll) [D:\code\lua\gods\build\gods_native.vcxproj]
  libcpmt.lib(xlocale.obj) : error LNK2005: "protected: char * __cdecl std::basic_streambuf<char,struct std::char_traits<char> >::gptr(void)const " (?gptr@?$basic_streambuf@DU?$char_traits@D@std@@@std@@IEBAPEADXZ) already defined in msvcprt.lib(MSVCP140.dll) [D:\code\lua\gods\build\gods_native.vcxproj]
  libcpmt.lib(xlocale.obj) : error LNK2005: "public: int __cdecl std::basic_streambuf<char,struct std::char_traits<char> >::sputc(char)" (?sputc@?$basic_streambuf@DU?$char_traits@D@std@@@std@@QEAAHD@Z) already defined in msvcprt.lib(MSVCP140.dll) [D:\code\lua\gods\build\gods_native.vcxproj]
  libcpmt.lib(xlocale.obj) : error LNK2005: "public: __int64 __cdecl std::ios_base::width(__int64)" (?width@ios_base@std@@QEAA_J_J@Z) already defined in msvcprt.lib(MSVCP140.dll) [D:\code\lua\gods\build\gods_native.vcxproj]
  libcpmt.lib(xlocale.obj) : error LNK2005: "public: __int64 __cdecl std::ios_base::width(void)const " (?width@ios_base@std@@QEBA_JXZ) already defined in msvcprt.lib(MSVCP140.dll) [D:\code\lua\gods\build\gods_native.vcxproj]
  libcpmt.lib(xstol.obj) : error LNK2038: mismatch detected for 'RuntimeLibrary': value 'MT_StaticRelease' doesn't match value 'MD_DynamicRelease' in gods_engine.obj [D:\code\lua\gods\build\gods_native.vcxproj]
  libcpmt.lib(xstoul.obj) : error LNK2038: mismatch detected for 'RuntimeLibrary': value 'MT_StaticRelease' doesn't match value 'MD_DynamicRelease' in gods_engine.obj [D:\code\lua\gods\build\gods_native.vcxproj]
  libcpmt.lib(xstoll.obj) : error LNK2038: mismatch detected for 'RuntimeLibrary': value 'MT_StaticRelease' doesn't match value 'MD_DynamicRelease' in gods_engine.obj [D:\code\lua\gods\build\gods_native.vcxproj]
  libcpmt.lib(xstoull.obj) : error LNK2038: mismatch detected for 'RuntimeLibrary': value 'MT_StaticRelease' doesn't match value 'MD_DynamicRelease' in gods_engine.obj [D:\code\lua\gods\build\gods_native.vcxproj]
  libcpmt.lib(xmtx.obj) : error LNK2038: mismatch detected for 'RuntimeLibrary': value 'MT_StaticRelease' doesn't match value 'MD_DynamicRelease' in gods_engine.obj [D:\code\lua\gods\build\gods_native.vcxproj]
  libcpmt.lib(xstrcoll.obj) : error LNK2038: mismatch detected for 'RuntimeLibrary': value 'MT_StaticRelease' doesn't match value 'MD_DynamicRelease' in gods_engine.obj [D:\code\lua\gods\build\gods_native.vcxproj]
  libcpmt.lib(xdateord.obj) : error LNK2038: mismatch detected for 'RuntimeLibrary': value 'MT_StaticRelease' doesn't match value 'MD_DynamicRelease' in gods_engine.obj [D:\code\lua\gods\build\gods_native.vcxproj]
  libcpmt.lib(xmbtowc.obj) : error LNK2038: mismatch detected for 'RuntimeLibrary': value 'MT_StaticRelease' doesn't match value 'MD_DynamicRelease' in gods_engine.obj [D:\code\lua\gods\build\gods_native.vcxproj]
  libcpmt.lib(xwcscoll.obj) : error LNK2038: mismatch detected for 'RuntimeLibrary': value 'MT_StaticRelease' doesn't match value 'MD_DynamicRelease' in gods_engine.obj [D:\code\lua\gods\build\gods_native.vcxproj]
  libcpmt.lib(xwcsxfrm.obj) : error LNK2038: mismatch detected for 'RuntimeLibrary': value 'MT_StaticRelease' doesn't match value 'MD_DynamicRelease' in gods_engine.obj [D:\code\lua\gods\build\gods_native.vcxproj]
  libcpmt.lib(xgetwctype.obj) : error LNK2038: mismatch detected for 'RuntimeLibrary': value 'MT_StaticRelease' doesn't match value 'MD_DynamicRelease' in gods_engine.obj [D:\code\lua\gods\build\gods_native.vcxproj]
  libcpmt.lib(xtowlower.obj) : error LNK2038: mismatch detected for 'RuntimeLibrary': value 'MT_StaticRelease' doesn't match value 'MD_DynamicRelease' in gods_engine.obj [D:\code\lua\gods\build\gods_native.vcxproj]
  libcpmt.lib(xtowupper.obj) : error LNK2038: mismatch detected for 'RuntimeLibrary': value 'MT_StaticRelease' doesn't match value 'MD_DynamicRelease' in gods_engine.obj [D:\code\lua\gods\build\gods_native.vcxproj]
  libcpmt.lib(xstrxfrm.obj) : error LNK2038: mismatch detected for 'RuntimeLibrary': value 'MT_StaticRelease' doesn't match value 'MD_DynamicRelease' in gods_engine.obj [D:\code\lua\gods\build\gods_native.vcxproj]
  libcpmt.lib(StlCompareStringA.obj) : error LNK2038: mismatch detected for 'RuntimeLibrary': value 'MT_StaticRelease' doesn't match value 'MD_DynamicRelease' in gods_engine.obj [D:\code\lua\gods\build\gods_native.vcxproj]
  libcpmt.lib(StlCompareStringW.obj) : error LNK2038: mismatch detected for 'RuntimeLibrary': value 'MT_StaticRelease' doesn't match value 'MD_DynamicRelease' in gods_engine.obj [D:\code\lua\gods\build\gods_native.vcxproj]
  libcpmt.lib(StlLCMapStringW.obj) : error LNK2038: mismatch detected for 'RuntimeLibrary': value 'MT_StaticRelease' doesn't match value 'MD_DynamicRelease' in gods_engine.obj [D:\code\lua\gods\build\gods_native.vcxproj]
  libcpmt.lib(StlLCMapStringA.obj) : error LNK2038: mismatch detected for 'RuntimeLibrary': value 'MT_StaticRelease' doesn't match value 'MD_DynamicRelease' in gods_engine.obj [D:\code\lua\gods\build\gods_native.vcxproj]
  D:\code\lua\gods\build\bin\Release\gods_native.dll : fatal error LNK1169: one or more multiply defined symbols found [D:\code\lua\gods\build\gods_native.vcxproj]

    1 Warning(s)
    148 Error(s)

Time Elapsed 00:00:00.91
